 mydll

 Timestamp is 497082ec (Fri Jan 16 13:51:56 2009)

 Preferred load address is 10000000

 Start         Length     Name                   Class
 0001:00000000 000056baH .text                   CODE
 0002:00000000 000000dcH .idata$5                DATA
 0002:000000e0 000005c5H .rdata                  DATA
 0002:000006a8 00000014H .idata$2                DATA
 0002:000006bc 00000014H .idata$3                DATA
 0002:000006d0 000000dcH .idata$4                DATA
 0002:000007ac 000003ccH .idata$6                DATA
 0002:00000b80 00000231H .edata                  DATA
 0003:00000000 00000004H .CRT$XCA                DATA
 0003:00000004 00000004H .CRT$XCZ                DATA
 0003:00000008 00000004H .CRT$XIA                DATA
 0003:0000000c 00000008H .CRT$XIC                DATA
 0003:00000014 00000004H .CRT$XIZ                DATA
 0003:00000018 00000004H .CRT$XPA                DATA
 0003:0000001c 00000004H .CRT$XPX                DATA
 0003:00000020 00000004H .CRT$XPZ                DATA
 0003:00000024 00000004H .CRT$XTA                DATA
 0003:00000028 00000004H .CRT$XTZ                DATA
 0003:00000030 00002e08H .data                   DATA
 0003:00002e38 000016f4H .bss                    DATA

  Address         Publics by Value              Rva+Base     Lib:Object

 0001:00000000       ??0CSimpleClass@@QAE@ABV0@@Z 10001000 f i mydll.obj
 0001:00000030       ??4CSimpleClass@@QAEAAV0@ABV0@@Z 10001030 f i mydll.obj
 0001:00000050       ??0CSimpleClass@@QAE@H@Z   10001050 f   mydll.obj
 0001:00000087       ??1CSimpleClass@@QAE@XZ    10001087 f   mydll.obj
 0001:000000ac       ?M1@CSimpleClass@@QAEXXZ   100010ac f   mydll.obj
 0001:000000ef       ?V0@CSimpleClass@@UAEXXZ   100010ef f   mydll.obj
 0001:0000010b       ?V1@CSimpleClass@@UAEXH@Z  1000110b f   mydll.obj
 0001:0000012d       ?V1@CSimpleClass@@UAEXXZ   1000112d f   mydll.obj
 0001:00000149       ?V1@CSimpleClass@@UAEXPAD@Z 10001149 f   mydll.obj
 0001:0000016b       ?V1@CSimpleClass@@UAEXHPAD@Z 1000116b f   mydll.obj
 0001:00000191       ?V1@CSimpleClass@@UAEXPADH@Z 10001191 f   mydll.obj
 0001:000001b7       ?V2@CSimpleClass@@UAEXXZ   100011b7 f   mydll.obj
 0001:000001d3       ?M1@CSimpleClass@@QAEXH@Z  100011d3 f   mydll.obj
 0001:000001f5       _printf                    100011f5 f   LIBCMT:printf.obj
 0001:00000236       __CRT_INIT@12              10001236 f   LIBCMT:dllcrt0.obj
 0001:0000030f       __DllMainCRTStartup@12     1000130f f   LIBCMT:dllcrt0.obj
 0001:000003ac       __amsg_exit                100013ac f   LIBCMT:dllcrt0.obj
 0001:000003df       ___initstdio               100013df f   LIBCMT:_file.obj
 0001:00000487       ___endstdio                10001487 f   LIBCMT:_file.obj
 0001:0000049b       __lock_file                1000149b f   LIBCMT:_file.obj
 0001:000004ca       __lock_file2               100014ca f   LIBCMT:_file.obj
 0001:000004ed       __unlock_file              100014ed f   LIBCMT:_file.obj
 0001:0000051c       __unlock_file2             1000151c f   LIBCMT:_file.obj
 0001:0000053f       __stbuf                    1000153f f   LIBCMT:_sftbuf.obj
 0001:000005cc       __ftbuf                    100015cc f   LIBCMT:_sftbuf.obj
 0001:000005f6       __output                   100015f6 f   LIBCMT:output.obj
 0001:00000e5d       __cinit                    10001e5d f   LIBCMT:crt0dat.obj
 0001:00000e8a       __exit                     10001e8a f   LIBCMT:crt0dat.obj
 0001:00000e9b       __cexit                    10001e9b f   LIBCMT:crt0dat.obj
 0001:00000f4f       __lockexit                 10001f4f f   LIBCMT:crt0dat.obj
 0001:00000f58       __unlockexit               10001f58 f   LIBCMT:crt0dat.obj
 0001:00000f7b       __mtinit                   10001f7b f   LIBCMT:tidtable.obj
 0001:00000fcf       __mtterm                   10001fcf f   LIBCMT:tidtable.obj
 0001:00000fed       __initptd                  10001fed f   LIBCMT:tidtable.obj
 0001:00001000       __getptd                   10002000 f   LIBCMT:tidtable.obj
 0001:00001067       __freeptd                  10002067 f   LIBCMT:tidtable.obj
 0001:00001107       __ioinit                   10002107 f   LIBCMT:ioinit.obj
 0001:000012c3       __ioterm                   100022c3 f   LIBCMT:ioinit.obj
 0001:00001317       __setenvp                  10002317 f   LIBCMT:stdenvp.obj
 0001:000013d0       __setargv                  100023d0 f   LIBCMT:stdargv.obj
 0001:0000161d       ___crtGetEnvironmentStringsA 1000261d f   LIBCMT:a_env.obj
 0001:0000174f       __GetLinkerVersion         1000274f f   LIBCMT:heapinit.obj
 0001:0000177c       ___heap_select             1000277c f   LIBCMT:heapinit.obj
 0001:000018c4       __heap_init                100028c4 f   LIBCMT:heapinit.obj
 0001:00001921       __heap_term                10002921 f   LIBCMT:heapinit.obj
 0001:000019c9       _DllMain@12                100029c9 f   LIBCMT:dllmain.obj
 0001:000019cf       __FF_MSGBANNER             100029cf f   LIBCMT:crt0msg.obj
 0001:00001a08       __NMSG_WRITE               10002a08 f   LIBCMT:crt0msg.obj
 0001:00001b5b       _calloc                    10002b5b f   LIBCMT:calloc.obj
 0001:00001c98       __fcloseall                10002c98 f   LIBCMT:closeall.obj
 0001:00001d19       __fflush_lk                10002d19 f   LIBCMT:fflush.obj
 0001:00001d47       __flush                    10002d47 f   LIBCMT:fflush.obj
 0001:00001da3       __flushall                 10002da3 f   LIBCMT:fflush.obj
 0001:00001e50       __mtinitlocks              10002e50 f   LIBCMT:mlock.obj
 0001:00001e79       __mtdeletelocks            10002e79 f   LIBCMT:mlock.obj
 0001:00001ee5       __lock                     10002ee5 f   LIBCMT:mlock.obj
 0001:00001f46       __unlock                   10002f46 f   LIBCMT:mlock.obj
 0001:00001f5b       _malloc                    10002f5b f   LIBCMT:malloc.obj
 0001:00001f6d       __nh_malloc                10002f6d f   LIBCMT:malloc.obj
 0001:00001f99       __heap_alloc               10002f99 f   LIBCMT:malloc.obj
 0001:00002095       __isatty                   10003095 f   LIBCMT:isatty.obj
 0001:000020be       _free                      100030be f   LIBCMT:free.obj
 0001:000021b0       _strlen                    100031b0 f   LIBCMT:strlen.obj
 0001:0000222b       _wctomb                    1000322b f   LIBCMT:wctomb.obj
 0001:00002284       __wctomb_lk                10003284 f   LIBCMT:wctomb.obj
 0001:000022f0       __aulldiv                  100032f0 f   LIBCMT:ulldiv.obj
 0001:00002360       __aullrem                  10003360 f   LIBCMT:ullrem.obj
 0001:000023d5       __flsbuf                   100033d5 f   LIBCMT:_flsbuf.obj
 0001:000024f0       _strcpy                    100034f0 f   LIBCMT:strcat.obj
 0001:00002500       _strcat                    10003500 f   LIBCMT:strcat.obj
 0001:000025e0       __setmbcp                  100035e0 f   LIBCMT:mbctype.obj
 0001:000029b8       ___initmbctable            100039b8 f   LIBCMT:mbctype.obj
 0001:000029e0       _memcpy                    100039e0 f   LIBCMT:memcpy.obj
 0001:00002d15       _strtol                    10003d15 f   LIBCMT:strtol.obj
 0001:00002f50       _strchr                    10003f50 f   LIBCMT:strchr.obj
 0001:00002f56       ___from_strstr_to_strchr   10003f56 f   LIBCMT:strchr.obj
 0001:00003010       _strstr                    10004010 f   LIBCMT:strstr.obj
 0001:00003090       _strncmp                   10004090 f   LIBCMT:strncmp.obj
 0001:000030d0       __chkstk                   100040d0 f   LIBCMT:chkstk.obj
 0001:000030d0       __alloca_probe             100040d0 f   LIBCMT:chkstk.obj
 0001:000030ff       ___sbh_heap_init           100040ff f   LIBCMT:sbheap.obj
 0001:00003147       ___sbh_find_block          10004147 f   LIBCMT:sbheap.obj
 0001:00003172       ___sbh_free_block          10004172 f   LIBCMT:sbheap.obj
 0001:0000349b       ___sbh_alloc_block         1000449b f   LIBCMT:sbheap.obj
 0001:000037a4       ___sbh_alloc_new_region    100047a4 f   LIBCMT:sbheap.obj
 0001:00003855       ___sbh_alloc_new_group     10004855 f   LIBCMT:sbheap.obj
 0001:00003950       ___old_sbh_new_region      10004950 f   LIBCMT:sbheap.obj
 0001:00003a94       ___old_sbh_release_region  10004a94 f   LIBCMT:sbheap.obj
 0001:00003aea       ___old_sbh_decommit_pages  10004aea f   LIBCMT:sbheap.obj
 0001:00003bac       ___old_sbh_find_block      10004bac f   LIBCMT:sbheap.obj
 0001:00003c03       ___old_sbh_free_block      10004c03 f   LIBCMT:sbheap.obj
 0001:00003c48       ___old_sbh_alloc_block     10004c48 f   LIBCMT:sbheap.obj
 0001:00003e50       ___old_sbh_alloc_block_from_page 10004e50 f   LIBCMT:sbheap.obj
 0001:00003f74       ___crtMessageBoxA          10004f74 f   LIBCMT:crtmbox.obj
 0001:00004000       _strncpy                   10005000 f   LIBCMT:strncpy.obj
 0001:000040fe       __callnewh                 100050fe f   LIBCMT:handler.obj
 0001:00004120       _memset                    10005120 f   LIBCMT:memset.obj
 0001:00004178       __global_unwind2           10005178 f   LIBCMT:exsup.obj
 0001:000041ba       __local_unwind2            100051ba f   LIBCMT:exsup.obj
 0001:00004212       __NLG_Return2              10005212 f   LIBCMT:exsup.obj
 0001:00004222       __abnormal_termination     10005222 f   LIBCMT:exsup.obj
 0001:00004245       __NLG_Notify1              10005245 f   LIBCMT:exsup.obj
 0001:0000424e       __NLG_Notify               1000524e f   LIBCMT:exsup.obj
 0001:00004261       __NLG_Dispatch             10005261 f   LIBCMT:exsup.obj
 0001:00004270       __except_handler3          10005270 f   LIBCMT:exsup3.obj
 0001:0000432d       __seh_longjmp_unwind@4     1000532d f   LIBCMT:exsup3.obj
 0001:00004348       _fclose                    10005348 f   LIBCMT:fclose.obj
 0001:00004379       __fclose_lk                10005379 f   LIBCMT:fclose.obj
 0001:000043c5       __commit                   100053c5 f   LIBCMT:commit.obj
 0001:00004458       __write                    10005458 f   LIBCMT:write.obj
 0001:000044bd       __write_lk                 100054bd f   LIBCMT:write.obj
 0001:00004648       __fptrap                   10005648 f   LIBCMT:crt0fp.obj
 0001:00004651       __dosmaperr                10005651 f   LIBCMT:dosmap.obj
 0001:000046c4       __errno                    100056c4 f   LIBCMT:dosmap.obj
 0001:000046cd       ___doserrno                100056cd f   LIBCMT:dosmap.obj
 0001:000046d6       __lseek                    100056d6 f   LIBCMT:lseek.obj
 0001:0000473b       __lseek_lk                 1000573b f   LIBCMT:lseek.obj
 0001:000047ae       __getbuf                   100057ae f   LIBCMT:_getbuf.obj
 0001:000047f2       ___crtLCMapStringA         100057f2 f   LIBCMT:a_map.obj
 0001:00004a41       ___crtGetStringTypeA       10005a41 f   LIBCMT:a_str.obj
 0001:00004b8a       _toupper                   10005b8a f   LIBCMT:toupper.obj
 0001:00004bf9       __toupper_lk               10005bf9 f   LIBCMT:toupper.obj
 0001:00004cc5       __isctype                  10005cc5 f   LIBCMT:isctype.obj
 0001:00004d40       _memmove                   10005d40 f   LIBCMT:memmove.obj
 0001:00005075       __close                    10006075 f   LIBCMT:close.obj
 0001:000050d2       __close_lk                 100060d2 f   LIBCMT:close.obj
 0001:00005155       __freebuf                  10006155 f   LIBCMT:_freebuf.obj
 0001:00005180       __free_osfhnd              10006180 f   LIBCMT:osfinfo.obj
 0001:000051ff       __get_osfhandle            100061ff f   LIBCMT:osfinfo.obj
 0001:00005241       __lock_fhandle             10006241 f   LIBCMT:osfinfo.obj
 0001:000052a0       __unlock_fhandle           100062a0 f   LIBCMT:osfinfo.obj
 0001:000052d0       _strcmp                    100062d0 f   LIBCMT:strcmp.obj
 0001:00005360       _strcspn                   10006360 f   LIBCMT:strcspn.obj
 0001:000053a0       _strpbrk                   100063a0 f   LIBCMT:strpbrk.obj
 0001:000053e0       __stricmp                  100063e0 f   LIBCMT:stricmp.obj
 0001:000053e0       __strcmpi                  100063e0 f   LIBCMT:stricmp.obj
 0001:000054b0       __strnicmp                 100064b0 f   LIBCMT:strnicmp.obj
 0001:000055b1       __tolower_lk               100065b1 f   LIBCMT:tolower.obj
 0001:00005680       __allmul                   10006680 f   LIBCMT:llmul.obj
 0001:000056b4       _RtlUnwind@16              100066b4 f   kernel32:KERNEL32.dll
 0002:00000000       __imp__GetCommandLineA@0   10007000     kernel32:KERNEL32.dll
 0002:00000004       __imp__GetVersion@0        10007004     kernel32:KERNEL32.dll
 0002:00000008       __imp__EnterCriticalSection@4 10007008     kernel32:KERNEL32.dll
 0002:0000000c       __imp__LeaveCriticalSection@4 1000700c     kernel32:KERNEL32.dll
 0002:00000010       __imp__ExitProcess@4       10007010     kernel32:KERNEL32.dll
 0002:00000014       __imp__TerminateProcess@8  10007014     kernel32:KERNEL32.dll
 0002:00000018       __imp__GetCurrentProcess@0 10007018     kernel32:KERNEL32.dll
 0002:0000001c       __imp__GetCurrentThreadId@0 1000701c     kernel32:KERNEL32.dll
 0002:00000020       __imp__TlsSetValue@8       10007020     kernel32:KERNEL32.dll
 0002:00000024       __imp__TlsAlloc@0          10007024     kernel32:KERNEL32.dll
 0002:00000028       __imp__TlsFree@4           10007028     kernel32:KERNEL32.dll
 0002:0000002c       __imp__SetLastError@4      1000702c     kernel32:KERNEL32.dll
 0002:00000030       __imp__TlsGetValue@4       10007030     kernel32:KERNEL32.dll
 0002:00000034       __imp__GetLastError@0      10007034     kernel32:KERNEL32.dll
 0002:00000038       __imp__SetHandleCount@4    10007038     kernel32:KERNEL32.dll
 0002:0000003c       __imp__GetStdHandle@4      1000703c     kernel32:KERNEL32.dll
 0002:00000040       __imp__GetFileType@4       10007040     kernel32:KERNEL32.dll
 0002:00000044       __imp__GetStartupInfoA@4   10007044     kernel32:KERNEL32.dll
 0002:00000048       __imp__DeleteCriticalSection@4 10007048     kernel32:KERNEL32.dll
 0002:0000004c       __imp__GetModuleFileNameA@12 1000704c     kernel32:KERNEL32.dll
 0002:00000050       __imp__FreeEnvironmentStringsA@4 10007050     kernel32:KERNEL32.dll
 0002:00000054       __imp__FreeEnvironmentStringsW@4 10007054     kernel32:KERNEL32.dll
 0002:00000058       __imp__WideCharToMultiByte@32 10007058     kernel32:KERNEL32.dll
 0002:0000005c       __imp__GetEnvironmentStrings@0 1000705c     kernel32:KERNEL32.dll
 0002:00000060       __imp__GetEnvironmentStringsW@0 10007060     kernel32:KERNEL32.dll
 0002:00000064       __imp__GetModuleHandleA@4  10007064     kernel32:KERNEL32.dll
 0002:00000068       __imp__GetEnvironmentVariableA@12 10007068     kernel32:KERNEL32.dll
 0002:0000006c       __imp__GetVersionExA@4     1000706c     kernel32:KERNEL32.dll
 0002:00000070       __imp__HeapDestroy@4       10007070     kernel32:KERNEL32.dll
 0002:00000074       __imp__HeapCreate@12       10007074     kernel32:KERNEL32.dll
 0002:00000078       __imp__VirtualFree@12      10007078     kernel32:KERNEL32.dll
 0002:0000007c       __imp__HeapFree@12         1000707c     kernel32:KERNEL32.dll
 0002:00000080       __imp__WriteFile@20        10007080     kernel32:KERNEL32.dll
 0002:00000084       __imp__HeapAlloc@12        10007084     kernel32:KERNEL32.dll
 0002:00000088       __imp__InitializeCriticalSection@4 10007088     kernel32:KERNEL32.dll
 0002:0000008c       __imp__InterlockedDecrement@4 1000708c     kernel32:KERNEL32.dll
 0002:00000090       __imp__InterlockedIncrement@4 10007090     kernel32:KERNEL32.dll
 0002:00000094       __imp__GetCPInfo@8         10007094     kernel32:KERNEL32.dll
 0002:00000098       __imp__GetACP@0            10007098     kernel32:KERNEL32.dll
 0002:0000009c       __imp__GetOEMCP@0          1000709c     kernel32:KERNEL32.dll
 0002:000000a0       __imp__VirtualAlloc@16     100070a0     kernel32:KERNEL32.dll
 0002:000000a4       __imp__HeapReAlloc@16      100070a4     kernel32:KERNEL32.dll
 0002:000000a8       __imp__GetProcAddress@8    100070a8     kernel32:KERNEL32.dll
 0002:000000ac       __imp__LoadLibraryA@4      100070ac     kernel32:KERNEL32.dll
 0002:000000b0       __imp__RtlUnwind@16        100070b0     kernel32:KERNEL32.dll
 0002:000000b4       __imp__FlushFileBuffers@4  100070b4     kernel32:KERNEL32.dll
 0002:000000b8       __imp__SetFilePointer@16   100070b8     kernel32:KERNEL32.dll
 0002:000000bc       __imp__MultiByteToWideChar@24 100070bc     kernel32:KERNEL32.dll
 0002:000000c0       __imp__LCMapStringA@24     100070c0     kernel32:KERNEL32.dll
 0002:000000c4       __imp__LCMapStringW@24     100070c4     kernel32:KERNEL32.dll
 0002:000000c8       __imp__GetStringTypeA@20   100070c8     kernel32:KERNEL32.dll
 0002:000000cc       __imp__GetStringTypeW@16   100070cc     kernel32:KERNEL32.dll
 0002:000000d0       __imp__CloseHandle@4       100070d0     kernel32:KERNEL32.dll
 0002:000000d4       __imp__SetStdHandle@8      100070d4     kernel32:KERNEL32.dll
 0002:000000d8       \177KERNEL32_NULL_THUNK_DATA 100070d8     kernel32:KERNEL32.dll
 0002:000000e0       ??_7CSimpleClass@@6B@      100070e0     mydll.obj
 0002:000000fc       ___lookuptable             100070fc     LIBCMT:output.obj
 0002:00000158       ??_C@_1O@POHA@?$AA?$CI?$AAn?$AAu?$AAl?$AAl?$AA?$CJ?$AA?$AA@ 10007158     LIBCMT:output.obj
 0002:00000168       ??_C@_06ONKE@?$CInull?$CJ?$AA@ 10007168     LIBCMT:output.obj
 0002:00000170       ??_C@_0BH@PHHF@__GLOBAL_HEAP_SELECTED?$AA@ 10007170     LIBCMT:heapinit.obj
 0002:00000188       ??_C@_0BF@BBGL@__MSVCRT_HEAP_SELECT?$AA@ 10007188     LIBCMT:heapinit.obj
 0002:000001a0       ??_C@_0P@GGKG@runtime?5error?5?$AA@ 100071a0     LIBCMT:crt0msg.obj
 0002:000001b0       ??_C@_02PIMC@?$AN?6?$AA@   100071b0     LIBCMT:crt0msg.obj
 0002:000001b4       ??_C@_0O@DELO@TLOSS?5error?$AN?6?$AA@ 100071b4     LIBCMT:crt0msg.obj
 0002:000001c4       ??_C@_0N@OMLL@SING?5error?$AN?6?$AA@ 100071c4     LIBCMT:crt0msg.obj
 0002:000001d4       ??_C@_0P@OJAK@DOMAIN?5error?$AN?6?$AA@ 100071d4     LIBCMT:crt0msg.obj
 0002:000001e4       ??_C@_0CF@EANP@R6028?$AN?6?9?5unable?5to?5initialize?5he@ 100071e4     LIBCMT:crt0msg.obj
 0002:0000020c       ??_C@_0DF@ECGN@R6027?$AN?6?9?5not?5enough?5space?5for?5lo@ 1000720c     LIBCMT:crt0msg.obj
 0002:00000244       ??_C@_0DF@FKAC@R6026?$AN?6?9?5not?5enough?5space?5for?5st@ 10007244     LIBCMT:crt0msg.obj
 0002:0000027c       ??_C@_0CG@DPMN@R6025?$AN?6?9?5pure?5virtual?5function?5c@ 1000727c     LIBCMT:crt0msg.obj
 0002:000002a4       ??_C@_0DF@CKIP@R6024?$AN?6?9?5not?5enough?5space?5for?5_o@ 100072a4     LIBCMT:crt0msg.obj
 0002:000002dc       ??_C@_0CJ@GGOE@R6019?$AN?6?9?5unable?5to?5open?5console?5@ 100072dc     LIBCMT:crt0msg.obj
 0002:00000308       ??_C@_0CB@LBOB@R6018?$AN?6?9?5unexpected?5heap?5error?$AN?6@ 10007308     LIBCMT:crt0msg.obj
 0002:0000032c       ??_C@_0CN@FPEG@R6017?$AN?6?9?5unexpected?5multithread?5@ 1000732c     LIBCMT:crt0msg.obj
 0002:0000035c       ??_C@_0CM@OBIC@R6016?$AN?6?9?5not?5enough?5space?5for?5th@ 1000735c     LIBCMT:crt0msg.obj
 0002:00000388       ??_C@_0CB@HPAL@?$AN?6abnormal?5program?5termination?$AN?6@ 10007388     LIBCMT:crt0msg.obj
 0002:000003ac       ??_C@_0CM@JOOB@R6009?$AN?6?9?5not?5enough?5space?5for?5en@ 100073ac     LIBCMT:crt0msg.obj
 0002:000003d8       ??_C@_0CK@OIBL@R6008?$AN?6?9?5not?5enough?5space?5for?5ar@ 100073d8     LIBCMT:crt0msg.obj
 0002:00000404       ??_C@_0CF@LKPB@R6002?$AN?6?9?5floating?5point?5not?5load@ 10007404     LIBCMT:crt0msg.obj
 0002:0000042c       ??_C@_0CF@JPDF@Microsoft?5Visual?5C?$CL?$CL?5Runtime?5Lib@ 1000742c     LIBCMT:crt0msg.obj
 0002:00000454       ??_C@_02JJJH@?6?6?$AA@     10007454     LIBCMT:crt0msg.obj
 0002:00000458       ??_C@_0BK@DEOK@Runtime?5Error?$CB?6?6Program?3?5?$AA@ 10007458     LIBCMT:crt0msg.obj
 0002:00000474       ??_C@_03NAME@?4?4?4?$AA@   10007474     LIBCMT:crt0msg.obj
 0002:00000478       ??_C@_0BH@NNCD@?$DMprogram?5name?5unknown?$DO?$AA@ 10007478     LIBCMT:crt0msg.obj
 0002:000004d8       ??_C@_0BD@NJFP@GetLastActivePopup?$AA@ 100074d8     LIBCMT:crtmbox.obj
 0002:000004ec       ??_C@_0BA@GILI@GetActiveWindow?$AA@ 100074ec     LIBCMT:crtmbox.obj
 0002:000004fc       ??_C@_0M@PKCK@MessageBoxA?$AA@ 100074fc     LIBCMT:crtmbox.obj
 0002:00000508       ??_C@_0L@HKL@user32?4dll?$AA@ 10007508     LIBCMT:crtmbox.obj
 0002:00000514       ??_C@_01A@?$AA?$AA@        10007514     LIBCMT:a_map.obj
 0002:00000518       ??_C@_13A@?$AA?$AA?$AA?$AA@ 10007518     LIBCMT:a_map.obj
 0002:00000544       ??_C@_07CJME@H?3mm?3ss?$AA@ 10007544     LIBCMT:strftime.obj
 0002:0000054c       ??_C@_0BE@MHI@dddd?0?5MMMM?5dd?0?5yyyy?$AA@ 1000754c     LIBCMT:strftime.obj
 0002:00000560       ??_C@_06HCAD@M?1d?1yy?$AA@ 10007560     LIBCMT:strftime.obj
 0002:00000568       ??_C@_02DBLP@PM?$AA@       10007568     LIBCMT:strftime.obj
 0002:0000056c       ??_C@_02ENLM@AM?$AA@       1000756c     LIBCMT:strftime.obj
 0002:00000570       ??_C@_08LIDF@December?$AA@ 10007570     LIBCMT:strftime.obj
 0002:0000057c       ??_C@_08NJLI@November?$AA@ 1000757c     LIBCMT:strftime.obj
 0002:00000588       ??_C@_07IAMM@October?$AA@  10007588     LIBCMT:strftime.obj
 0002:00000590       ??_C@_09MKGD@September?$AA@ 10007590     LIBCMT:strftime.obj
 0002:0000059c       ??_C@_06PADP@August?$AA@   1000759c     LIBCMT:strftime.obj
 0002:000005a4       ??_C@_04PIJO@July?$AA@     100075a4     LIBCMT:strftime.obj
 0002:000005ac       ??_C@_04ICFP@June?$AA@     100075ac     LIBCMT:strftime.obj
 0002:000005b4       ??_C@_05JFGC@April?$AA@    100075b4     LIBCMT:strftime.obj
 0002:000005bc       ??_C@_05FGPD@March?$AA@    100075bc     LIBCMT:strftime.obj
 0002:000005c4       ??_C@_08PGBA@February?$AA@ 100075c4     LIBCMT:strftime.obj
 0002:000005d0       ??_C@_07BPKJ@January?$AA@  100075d0     LIBCMT:strftime.obj
 0002:000005d8       ??_C@_03PGJO@Dec?$AA@      100075d8     LIBCMT:strftime.obj
 0002:000005dc       ??_C@_03PDLM@Nov?$AA@      100075dc     LIBCMT:strftime.obj
 0002:000005e0       ??_C@_03BLHK@Oct?$AA@      100075e0     LIBCMT:strftime.obj
 0002:000005e4       ??_C@_03DPFM@Sep?$AA@      100075e4     LIBCMT:strftime.obj
 0002:000005e8       ??_C@_03CMCH@Aug?$AA@      100075e8     LIBCMT:strftime.obj
 0002:000005ec       ??_C@_03OBKI@Jul?$AA@      100075ec     LIBCMT:strftime.obj
 0002:000005f0       ??_C@_03LEIG@Jun?$AA@      100075f0     LIBCMT:strftime.obj
 0002:000005f4       ??_C@_03MGHB@May?$AA@      100075f4     LIBCMT:strftime.obj
 0002:000005f8       ??_C@_03MJJM@Apr?$AA@      100075f8     LIBCMT:strftime.obj
 0002:000005fc       ??_C@_03GNHA@Mar?$AA@      100075fc     LIBCMT:strftime.obj
 0002:00000600       ??_C@_03PICE@Feb?$AA@      10007600     LIBCMT:strftime.obj
 0002:00000604       ??_C@_03IEIF@Jan?$AA@      10007604     LIBCMT:strftime.obj
 0002:00000608       ??_C@_08FAKH@Saturday?$AA@ 10007608     LIBCMT:strftime.obj
 0002:00000614       ??_C@_06ONCK@Friday?$AA@   10007614     LIBCMT:strftime.obj
 0002:0000061c       ??_C@_08CCFO@Thursday?$AA@ 1000761c     LIBCMT:strftime.obj
 0002:00000628       ??_C@_09PBIN@Wednesday?$AA@ 10007628     LIBCMT:strftime.obj
 0002:00000634       ??_C@_07BMBC@Tuesday?$AA@  10007634     LIBCMT:strftime.obj
 0002:0000063c       ??_C@_06CHLK@Monday?$AA@   1000763c     LIBCMT:strftime.obj
 0002:00000644       ??_C@_06OOEM@Sunday?$AA@   10007644     LIBCMT:strftime.obj
 0002:0000064c       ??_C@_03MPKK@Sat?$AA@      1000764c     LIBCMT:strftime.obj
 0002:00000650       ??_C@_03FINJ@Fri?$AA@      10007650     LIBCMT:strftime.obj
 0002:00000654       ??_C@_03HIKC@Thu?$AA@      10007654     LIBCMT:strftime.obj
 0002:00000658       ??_C@_03HECK@Wed?$AA@      10007658     LIBCMT:strftime.obj
 0002:0000065c       ??_C@_03ECCP@Tue?$AA@      1000765c     LIBCMT:strftime.obj
 0002:00000660       ??_C@_03PIEP@Mon?$AA@      10007660     LIBCMT:strftime.obj
 0002:00000664       ??_C@_03FHEP@Sun?$AA@      10007664     LIBCMT:strftime.obj
 0002:00000668       ___dnames                  10007668     LIBCMT:timeset.obj
 0002:00000680       ___mnames                  10007680     LIBCMT:timeset.obj
 0002:000006a8       __IMPORT_DESCRIPTOR_KERNEL32 100076a8     kernel32:KERNEL32.dll
 0002:000006bc       __NULL_IMPORT_DESCRIPTOR   100076bc     kernel32:KERNEL32.dll
 0003:00000000       ___xc_a                    10008000     LIBCMT:crt0init.obj
 0003:00000004       ___xc_z                    10008004     LIBCMT:crt0init.obj
 0003:00000008       ___xi_a                    10008008     LIBCMT:crt0init.obj
 0003:00000014       ___xi_z                    10008014     LIBCMT:crt0init.obj
 0003:00000018       ___xp_a                    10008018     LIBCMT:crt0init.obj
 0003:00000020       ___xp_z                    10008020     LIBCMT:crt0init.obj
 0003:00000024       ___xt_a                    10008024     LIBCMT:crt0init.obj
 0003:00000028       ___xt_z                    10008028     LIBCMT:crt0init.obj
 0003:00000174       __aexit_rtn                10008174     LIBCMT:dllcrt0.obj
 0003:00000178       __iob                      10008178     LIBCMT:_file.obj
 0003:000003f8       ___nullstring              100083f8     LIBCMT:output.obj
 0003:000003fc       ___wnullstring             100083fc     LIBCMT:output.obj
 0003:00000400       ___tlsindex                10008400     LIBCMT:tidtable.obj
 0003:00000408       ___badioinfo               10008408     LIBCMT:ioinit.obj
 0003:0000042c       __amblksiz                 1000842c     LIBCMT:heapinit.obj
 0003:000004c0       __locktable                100084c0     LIBCMT:mlock.obj
 0003:00000580       __cfltcvt_tab              10008580     LIBCMT:cmiscdat.obj
 0003:00000598       __pctype                   10008598     LIBCMT:ctype.obj
 0003:0000059c       __pwctype                  1000859c     LIBCMT:ctype.obj
 0003:000005a0       __ctype                    100085a0     LIBCMT:ctype.obj
 0003:000007b0       __XcptActTab               100087b0     LIBCMT:winxfltr.obj
 0003:00000828       __First_FPE_Indx           10008828     LIBCMT:winxfltr.obj
 0003:0000082c       __Num_FPE                  1000882c     LIBCMT:winxfltr.obj
 0003:00000830       __XcptActTabSize           10008830     LIBCMT:winxfltr.obj
 0003:00000834       __XcptActTabCount          10008834     LIBCMT:winxfltr.obj
 0003:00000940       ___old_small_block_heap    10008940     LIBCMT:sbheap.obj
 0003:00002964       ___old_sbh_threshold       1000a964     LIBCMT:sbheap.obj
 0003:00002970       __NLG_Destination          1000a970     LIBCMT:exsup.obj
 0003:00002bf8       ___mb_cur_max              1000abf8     LIBCMT:nlsdata1.obj
 0003:00002bfc       ___decimal_point           1000abfc     LIBCMT:nlsdata1.obj
 0003:00002c00       ___decimal_point_length    1000ac00     LIBCMT:nlsdata1.obj
 0003:00002c10       ___lc_time_curr            1000ac10     LIBCMT:strftime.obj
 0003:00002c18       ___lc_time_c               1000ac18     LIBCMT:strftime.obj
 0003:00002cc8       ___lconv_static_decimal    1000acc8     LIBCMT:lconv.obj
 0003:00002cd0       ___lconv_c                 1000acd0     LIBCMT:lconv.obj
 0003:00002d00       ___lconv                   1000ad00     LIBCMT:lconv.obj
 0003:00002d10       __timezone                 1000ad10     LIBCMT:timeset.obj
 0003:00002d14       __daylight                 1000ad14     LIBCMT:timeset.obj
 0003:00002d18       __dstbias                  1000ad18     LIBCMT:timeset.obj
 0003:00002d9c       __tzname                   1000ad9c     LIBCMT:timeset.obj
 0003:00002dd0       __lpdays                   1000add0     LIBCMT:days.obj
 0003:00002e04       __days                     1000ae04     LIBCMT:days.obj
 0003:00002e3c       __aenvptr                  1000ae3c     LIBCMT:dllcrt0.obj
 0003:00002e40       __wenvptr                  1000ae40     LIBCMT:dllcrt0.obj
 0003:00002e44       ___error_mode              1000ae44     LIBCMT:dllcrt0.obj
 0003:00002e48       ___app_type                1000ae48     LIBCMT:dllcrt0.obj
 0003:00002e4c       __cflush                   1000ae4c     LIBCMT:_file.obj
 0003:00002e50       __stdbuf                   1000ae50     LIBCMT:_sftbuf.obj
 0003:00002e58       __umaskval                 1000ae58     LIBCMT:crt0dat.obj
 0003:00002e5c       __osver                    1000ae5c     LIBCMT:crt0dat.obj
 0003:00002e60       __winver                   1000ae60     LIBCMT:crt0dat.obj
 0003:00002e64       __winmajor                 1000ae64     LIBCMT:crt0dat.obj
 0003:00002e68       __winminor                 1000ae68     LIBCMT:crt0dat.obj
 0003:00002e6c       ___argc                    1000ae6c     LIBCMT:crt0dat.obj
 0003:00002e70       ___argv                    1000ae70     LIBCMT:crt0dat.obj
 0003:00002e74       ___wargv                   1000ae74     LIBCMT:crt0dat.obj
 0003:00002e78       __environ                  1000ae78     LIBCMT:crt0dat.obj
 0003:00002e7c       ___initenv                 1000ae7c     LIBCMT:crt0dat.obj
 0003:00002e80       __wenviron                 1000ae80     LIBCMT:crt0dat.obj
 0003:00002e84       ___winitenv                1000ae84     LIBCMT:crt0dat.obj
 0003:00002e88       __pgmptr                   1000ae88     LIBCMT:crt0dat.obj
 0003:00002e8c       __wpgmptr                  1000ae8c     LIBCMT:crt0dat.obj
 0003:00002e90       __exitflag                 1000ae90     LIBCMT:crt0dat.obj
 0003:00002e94       __C_Termination_Done       1000ae94     LIBCMT:crt0dat.obj
 0003:00002e98       __C_Exit_Done              1000ae98     LIBCMT:crt0dat.obj
 0003:00002fa4       __adbgmsg                  1000afa4     LIBCMT:crt0msg.obj
 0003:0000301c       ?_pnhHeap@@3P6AHI@ZA       1000b01c     LIBCMT:handler.obj
 0003:00003020       __newmode                  1000b020     LIBCMT:_newmode.obj
 0003:00003030       ___lc_handle               1000b030     LIBCMT:nlsdata2.obj
 0003:00003048       ___lc_codepage             1000b048     LIBCMT:nlsdata2.obj
 0003:0000304c       ___lc_collate_cp           1000b04c     LIBCMT:nlsdata2.obj
 0003:00003058       ___lc_time_intl            1000b058     LIBCMT:inittime.obj
 0003:00003074       ___lc_id                   1000b074     LIBCMT:nlsdata3.obj
 0003:000030c4       ___lconv_static_null       1000b0c4     LIBCMT:lconv.obj
 0003:00003198       ___setlc_active            1000b198     <common>
 0003:0000319c       ___unguarded_readlc_active 1000b19c     <common>
 0003:000031a0       ___sbh_sizeHeaderList      1000b1a0     <common>
 0003:000031a4       ___sbh_indGroupDefer       1000b1a4     <common>
 0003:000031a8       ___sbh_pHeaderScan         1000b1a8     <common>
 0003:000031ac       ___sbh_pHeaderDefer        1000b1ac     <common>
 0003:000031b0       ___sbh_cntHeaderList       1000b1b0     <common>
 0003:000031b4       ___sbh_pHeaderList         1000b1b4     <common>
 0003:000031b8       ___sbh_threshold           1000b1b8     <common>
 0003:000031bc       ___mbcodepage              1000b1bc     <common>
 0003:000031c0       ___mbulinfo                1000b1c0     <common>
 0003:000031cc       ___ismbcodepage            1000b1cc     <common>
 0003:000031e0       __mbcasemap                1000b1e0     <common>
 0003:000032e0       __mbctype                  1000b2e0     <common>
 0003:000033e4       ___mblcid                  1000b3e4     <common>
 0003:000033e8       __crtheap                  1000b3e8     <common>
 0003:000033ec       ___active_heap             1000b3ec     <common>
 0003:00003400       ___pioinfo                 1000b400     <common>
 0003:00003500       __nhandle                  1000b500     <common>
 0003:00003504       ___env_initialized         1000b504     <common>
 0003:00003508       ___mbctype_initialized     1000b508     <common>
 0003:0000350c       ___onexitend               1000b50c     <common>
 0003:00003510       ___onexitbegin             1000b510     <common>
 0003:00003514       __FPinit                   1000b514     <common>
 0003:00003518       ___piob                    1000b518     <common>
 0003:00003520       __bufin                    1000b520     <common>
 0003:00004520       __nstream                  1000c520     <common>
 0003:00004524       __acmdln                   1000c524     <common>
 0003:00004528       __pRawDllMain              1000c528     <common>

 entry point at        0001:0000030f

 Static symbols

 0001:00004db0       LeadUp1                    10005db0 f   LIBCMT:memmove.obj
 0001:00004ddc       LeadUp2                    10005ddc f   LIBCMT:memmove.obj
 0001:00004e00       LeadUp3                    10005e00 f   LIBCMT:memmove.obj
 0001:00004e7f       UnwindUp0                  10005e7f f   LIBCMT:memmove.obj
 0001:00004e6c       UnwindUp1                  10005e6c f   LIBCMT:memmove.obj
 0001:00004e64       UnwindUp2                  10005e64 f   LIBCMT:memmove.obj
 0001:00004e5c       UnwindUp3                  10005e5c f   LIBCMT:memmove.obj
 0001:00004e54       UnwindUp4                  10005e54 f   LIBCMT:memmove.obj
 0001:00004e4c       UnwindUp5                  10005e4c f   LIBCMT:memmove.obj
 0001:00004e44       UnwindUp6                  10005e44 f   LIBCMT:memmove.obj
 0001:00004e3c       UnwindUp7                  10005e3c f   LIBCMT:memmove.obj
 0001:00004e98       TrailUp0                   10005e98 f   LIBCMT:memmove.obj
 0001:00004ea0       TrailUp1                   10005ea0 f   LIBCMT:memmove.obj
 0001:00004eac       TrailUp2                   10005eac f   LIBCMT:memmove.obj
 0001:00004ec0       TrailUp3                   10005ec0 f   LIBCMT:memmove.obj
 0001:00004f38       LeadDown1                  10005f38 f   LIBCMT:memmove.obj
 0001:00004f58       LeadDown2                  10005f58 f   LIBCMT:memmove.obj
 0001:00004f80       LeadDown3                  10005f80 f   LIBCMT:memmove.obj
 0001:00004fd4       UnwindDown7                10005fd4 f   LIBCMT:memmove.obj
 0001:00004fdc       UnwindDown6                10005fdc f   LIBCMT:memmove.obj
 0001:00004fe4       UnwindDown5                10005fe4 f   LIBCMT:memmove.obj
 0001:00004fec       UnwindDown4                10005fec f   LIBCMT:memmove.obj
 0001:00004ff4       UnwindDown3                10005ff4 f   LIBCMT:memmove.obj
 0001:00004ffc       UnwindDown2                10005ffc f   LIBCMT:memmove.obj
 0001:00005004       UnwindDown1                10006004 f   LIBCMT:memmove.obj
 0001:00005017       UnwindDown0                10006017 f   LIBCMT:memmove.obj
 0001:00005030       TrailDown0                 10006030 f   LIBCMT:memmove.obj
 0001:00005038       TrailDown1                 10006038 f   LIBCMT:memmove.obj
 0001:00005048       TrailDown2                 10006048 f   LIBCMT:memmove.obj
 0001:0000505c       TrailDown3                 1000605c f   LIBCMT:memmove.obj
 0001:00004a16       _strncnt                   10005a16 f   LIBCMT:a_map.obj
 0001:00004190       _gu_return                 10005190 f   LIBCMT:exsup.obj
 0001:00004198       __unwind_handler           10005198 f   LIBCMT:exsup.obj
 0001:00002d2c       _strtoxl                   10003d2c f   LIBCMT:strtol.obj
 0001:00002a50       LeadUp1                    10003a50 f   LIBCMT:memcpy.obj
 0001:00002a7c       LeadUp2                    10003a7c f   LIBCMT:memcpy.obj
 0001:00002aa0       LeadUp3                    10003aa0 f   LIBCMT:memcpy.obj
 0001:00002b1f       UnwindUp0                  10003b1f f   LIBCMT:memcpy.obj
 0001:00002b0c       UnwindUp1                  10003b0c f   LIBCMT:memcpy.obj
 0001:00002b04       UnwindUp2                  10003b04 f   LIBCMT:memcpy.obj
 0001:00002afc       UnwindUp3                  10003afc f   LIBCMT:memcpy.obj
 0001:00002af4       UnwindUp4                  10003af4 f   LIBCMT:memcpy.obj
 0001:00002aec       UnwindUp5                  10003aec f   LIBCMT:memcpy.obj
 0001:00002ae4       UnwindUp6                  10003ae4 f   LIBCMT:memcpy.obj
 0001:00002adc       UnwindUp7                  10003adc f   LIBCMT:memcpy.obj
 0001:00002b38       TrailUp0                   10003b38 f   LIBCMT:memcpy.obj
 0001:00002b40       TrailUp1                   10003b40 f   LIBCMT:memcpy.obj
 0001:00002b4c       TrailUp2                   10003b4c f   LIBCMT:memcpy.obj
 0001:00002b60       TrailUp3                   10003b60 f   LIBCMT:memcpy.obj
 0001:00002bd8       LeadDown1                  10003bd8 f   LIBCMT:memcpy.obj
 0001:00002bf8       LeadDown2                  10003bf8 f   LIBCMT:memcpy.obj
 0001:00002c20       LeadDown3                  10003c20 f   LIBCMT:memcpy.obj
 0001:00002c74       UnwindDown7                10003c74 f   LIBCMT:memcpy.obj
 0001:00002c7c       UnwindDown6                10003c7c f   LIBCMT:memcpy.obj
 0001:00002c84       UnwindDown5                10003c84 f   LIBCMT:memcpy.obj
 0001:00002c8c       UnwindDown4                10003c8c f   LIBCMT:memcpy.obj
 0001:00002c94       UnwindDown3                10003c94 f   LIBCMT:memcpy.obj
 0001:00002c9c       UnwindDown2                10003c9c f   LIBCMT:memcpy.obj
 0001:00002ca4       UnwindDown1                10003ca4 f   LIBCMT:memcpy.obj
 0001:00002cb7       UnwindDown0                10003cb7 f   LIBCMT:memcpy.obj
 0001:00002cd0       TrailDown0                 10003cd0 f   LIBCMT:memcpy.obj
 0001:00002cd8       TrailDown1                 10003cd8 f   LIBCMT:memcpy.obj
 0001:00002ce8       TrailDown2                 10003ce8 f   LIBCMT:memcpy.obj
 0001:00002cfc       TrailDown3                 10003cfc f   LIBCMT:memcpy.obj
 0001:0000278d       _getSystemCP               1000378d f   LIBCMT:mbctype.obj
 0001:000027d7       _CPtoLCID                  100037d7 f   LIBCMT:mbctype.obj
 0001:0000280a       _setSBCS                   1000380a f   LIBCMT:mbctype.obj
 0001:00002833       _setSBUpLow                10003833 f   LIBCMT:mbctype.obj
 0001:00001dac       _flsall                    10002dac f   LIBCMT:fflush.obj
 0001:00001469       _parse_cmdline             10002469 f   LIBCMT:stdargv.obj
 0001:00000eaa       _doexit                    10001eaa f   LIBCMT:crt0dat.obj
 0001:00000f61       __initterm                 10001f61 f   LIBCMT:crt0dat.obj
 0001:00000d94       _write_char                10001d94 f   LIBCMT:output.obj
 0001:00000dc9       _write_multi_char          10001dc9 f   LIBCMT:output.obj
 0001:00000dfa       _write_string              10001dfa f   LIBCMT:output.obj
 0001:00000e32       _get_int_arg               10001e32 f   LIBCMT:output.obj
 0001:00000e3f       _get_int64_arg             10001e3f f   LIBCMT:output.obj
 0001:00000e4f       _get_short_arg             10001e4f f   LIBCMT:output.obj
