 mydll

 Timestamp is 49706478 (Fri Jan 16 11:42:00 2009)

 Preferred load address is 10000000

 Start         Length     Name                   Class
 0001:00000000 0000566aH .text                   CODE
 0002:00000000 000000dcH .idata$5                DATA
 0002:000000e0 000005bdH .rdata                  DATA
 0002:000006a0 00000014H .idata$2                DATA
 0002:000006b4 00000014H .idata$3                DATA
 0002:000006c8 000000dcH .idata$4                DATA
 0002:000007a4 000003ccH .idata$6                DATA
 0002:00000b70 000001e3H .edata                  DATA
 0003:00000000 00000004H .CRT$XCA                DATA
 0003:00000004 00000004H .CRT$XCZ                DATA
 0003:00000008 00000004H .CRT$XIA                DATA
 0003:0000000c 00000008H .CRT$XIC                DATA
 0003:00000014 00000004H .CRT$XIZ                DATA
 0003:00000018 00000004H .CRT$XPA                DATA
 0003:0000001c 00000004H .CRT$XPX                DATA
 0003:00000020 00000004H .CRT$XPZ                DATA
 0003:00000024 00000004H .CRT$XTA                DATA
 0003:00000028 00000004H .CRT$XTZ                DATA
 0003:00000030 00002dc8H .data                   DATA
 0003:00002df8 000016f4H .bss                    DATA

  Address         Publics by Value              Rva+Base     Lib:Object

 0001:00000000       ??0CSimpleClass@@QAE@ABV0@@Z 10001000 f i mydll.obj
 0001:00000030       ??4CSimpleClass@@QAEAAV0@ABV0@@Z 10001030 f i mydll.obj
 0001:00000050       ??0CSimpleClass@@QAE@H@Z   10001050 f   mydll.obj
 0001:00000087       ??1CSimpleClass@@QAE@XZ    10001087 f   mydll.obj
 0001:000000ac       ?M1@CSimpleClass@@QAEXXZ   100010ac f   mydll.obj
 0001:000000ef       ?V0@CSimpleClass@@UAEXXZ   100010ef f   mydll.obj
 0001:0000010b       ?V1@CSimpleClass@@UAEXH@Z  1000110b f   mydll.obj
 0001:0000012d       ?V1@CSimpleClass@@UAEXXZ   1000112d f   mydll.obj
 0001:00000149       ?V1@CSimpleClass@@UAEXPAD@Z 10001149 f   mydll.obj
 0001:0000016b       ?V2@CSimpleClass@@UAEXXZ   1000116b f   mydll.obj
 0001:00000187       ?M1@CSimpleClass@@QAEXH@Z  10001187 f   mydll.obj
 0001:000001a9       _printf                    100011a9 f   LIBCMT:printf.obj
 0001:000001ea       __CRT_INIT@12              100011ea f   LIBCMT:dllcrt0.obj
 0001:000002c3       __DllMainCRTStartup@12     100012c3 f   LIBCMT:dllcrt0.obj
 0001:00000360       __amsg_exit                10001360 f   LIBCMT:dllcrt0.obj
 0001:00000393       ___initstdio               10001393 f   LIBCMT:_file.obj
 0001:0000043b       ___endstdio                1000143b f   LIBCMT:_file.obj
 0001:0000044f       __lock_file                1000144f f   LIBCMT:_file.obj
 0001:0000047e       __lock_file2               1000147e f   LIBCMT:_file.obj
 0001:000004a1       __unlock_file              100014a1 f   LIBCMT:_file.obj
 0001:000004d0       __unlock_file2             100014d0 f   LIBCMT:_file.obj
 0001:000004f3       __stbuf                    100014f3 f   LIBCMT:_sftbuf.obj
 0001:00000580       __ftbuf                    10001580 f   LIBCMT:_sftbuf.obj
 0001:000005aa       __output                   100015aa f   LIBCMT:output.obj
 0001:00000e11       __cinit                    10001e11 f   LIBCMT:crt0dat.obj
 0001:00000e3e       __exit                     10001e3e f   LIBCMT:crt0dat.obj
 0001:00000e4f       __cexit                    10001e4f f   LIBCMT:crt0dat.obj
 0001:00000f03       __lockexit                 10001f03 f   LIBCMT:crt0dat.obj
 0001:00000f0c       __unlockexit               10001f0c f   LIBCMT:crt0dat.obj
 0001:00000f2f       __mtinit                   10001f2f f   LIBCMT:tidtable.obj
 0001:00000f83       __mtterm                   10001f83 f   LIBCMT:tidtable.obj
 0001:00000fa1       __initptd                  10001fa1 f   LIBCMT:tidtable.obj
 0001:00000fb4       __getptd                   10001fb4 f   LIBCMT:tidtable.obj
 0001:0000101b       __freeptd                  1000201b f   LIBCMT:tidtable.obj
 0001:000010bb       __ioinit                   100020bb f   LIBCMT:ioinit.obj
 0001:00001277       __ioterm                   10002277 f   LIBCMT:ioinit.obj
 0001:000012cb       __setenvp                  100022cb f   LIBCMT:stdenvp.obj
 0001:00001384       __setargv                  10002384 f   LIBCMT:stdargv.obj
 0001:000015d1       ___crtGetEnvironmentStringsA 100025d1 f   LIBCMT:a_env.obj
 0001:00001703       __GetLinkerVersion         10002703 f   LIBCMT:heapinit.obj
 0001:00001730       ___heap_select             10002730 f   LIBCMT:heapinit.obj
 0001:00001878       __heap_init                10002878 f   LIBCMT:heapinit.obj
 0001:000018d5       __heap_term                100028d5 f   LIBCMT:heapinit.obj
 0001:0000197d       _DllMain@12                1000297d f   LIBCMT:dllmain.obj
 0001:00001983       __FF_MSGBANNER             10002983 f   LIBCMT:crt0msg.obj
 0001:000019bc       __NMSG_WRITE               100029bc f   LIBCMT:crt0msg.obj
 0001:00001b0f       _calloc                    10002b0f f   LIBCMT:calloc.obj
 0001:00001c4c       __fcloseall                10002c4c f   LIBCMT:closeall.obj
 0001:00001ccd       __fflush_lk                10002ccd f   LIBCMT:fflush.obj
 0001:00001cfb       __flush                    10002cfb f   LIBCMT:fflush.obj
 0001:00001d57       __flushall                 10002d57 f   LIBCMT:fflush.obj
 0001:00001e04       __mtinitlocks              10002e04 f   LIBCMT:mlock.obj
 0001:00001e2d       __mtdeletelocks            10002e2d f   LIBCMT:mlock.obj
 0001:00001e99       __lock                     10002e99 f   LIBCMT:mlock.obj
 0001:00001efa       __unlock                   10002efa f   LIBCMT:mlock.obj
 0001:00001f0f       _malloc                    10002f0f f   LIBCMT:malloc.obj
 0001:00001f21       __nh_malloc                10002f21 f   LIBCMT:malloc.obj
 0001:00001f4d       __heap_alloc               10002f4d f   LIBCMT:malloc.obj
 0001:00002049       __isatty                   10003049 f   LIBCMT:isatty.obj
 0001:00002072       _free                      10003072 f   LIBCMT:free.obj
 0001:00002160       _strlen                    10003160 f   LIBCMT:strlen.obj
 0001:000021db       _wctomb                    100031db f   LIBCMT:wctomb.obj
 0001:00002234       __wctomb_lk                10003234 f   LIBCMT:wctomb.obj
 0001:000022a0       __aulldiv                  100032a0 f   LIBCMT:ulldiv.obj
 0001:00002310       __aullrem                  10003310 f   LIBCMT:ullrem.obj
 0001:00002385       __flsbuf                   10003385 f   LIBCMT:_flsbuf.obj
 0001:000024a0       _strcpy                    100034a0 f   LIBCMT:strcat.obj
 0001:000024b0       _strcat                    100034b0 f   LIBCMT:strcat.obj
 0001:00002590       __setmbcp                  10003590 f   LIBCMT:mbctype.obj
 0001:00002968       ___initmbctable            10003968 f   LIBCMT:mbctype.obj
 0001:00002990       _memcpy                    10003990 f   LIBCMT:memcpy.obj
 0001:00002cc5       _strtol                    10003cc5 f   LIBCMT:strtol.obj
 0001:00002f00       _strchr                    10003f00 f   LIBCMT:strchr.obj
 0001:00002f06       ___from_strstr_to_strchr   10003f06 f   LIBCMT:strchr.obj
 0001:00002fc0       _strstr                    10003fc0 f   LIBCMT:strstr.obj
 0001:00003040       _strncmp                   10004040 f   LIBCMT:strncmp.obj
 0001:00003080       __chkstk                   10004080 f   LIBCMT:chkstk.obj
 0001:00003080       __alloca_probe             10004080 f   LIBCMT:chkstk.obj
 0001:000030af       ___sbh_heap_init           100040af f   LIBCMT:sbheap.obj
 0001:000030f7       ___sbh_find_block          100040f7 f   LIBCMT:sbheap.obj
 0001:00003122       ___sbh_free_block          10004122 f   LIBCMT:sbheap.obj
 0001:0000344b       ___sbh_alloc_block         1000444b f   LIBCMT:sbheap.obj
 0001:00003754       ___sbh_alloc_new_region    10004754 f   LIBCMT:sbheap.obj
 0001:00003805       ___sbh_alloc_new_group     10004805 f   LIBCMT:sbheap.obj
 0001:00003900       ___old_sbh_new_region      10004900 f   LIBCMT:sbheap.obj
 0001:00003a44       ___old_sbh_release_region  10004a44 f   LIBCMT:sbheap.obj
 0001:00003a9a       ___old_sbh_decommit_pages  10004a9a f   LIBCMT:sbheap.obj
 0001:00003b5c       ___old_sbh_find_block      10004b5c f   LIBCMT:sbheap.obj
 0001:00003bb3       ___old_sbh_free_block      10004bb3 f   LIBCMT:sbheap.obj
 0001:00003bf8       ___old_sbh_alloc_block     10004bf8 f   LIBCMT:sbheap.obj
 0001:00003e00       ___old_sbh_alloc_block_from_page 10004e00 f   LIBCMT:sbheap.obj
 0001:00003f24       ___crtMessageBoxA          10004f24 f   LIBCMT:crtmbox.obj
 0001:00003fb0       _strncpy                   10004fb0 f   LIBCMT:strncpy.obj
 0001:000040ae       __callnewh                 100050ae f   LIBCMT:handler.obj
 0001:000040d0       _memset                    100050d0 f   LIBCMT:memset.obj
 0001:00004128       __global_unwind2           10005128 f   LIBCMT:exsup.obj
 0001:0000416a       __local_unwind2            1000516a f   LIBCMT:exsup.obj
 0001:000041c2       __NLG_Return2              100051c2 f   LIBCMT:exsup.obj
 0001:000041d2       __abnormal_termination     100051d2 f   LIBCMT:exsup.obj
 0001:000041f5       __NLG_Notify1              100051f5 f   LIBCMT:exsup.obj
 0001:000041fe       __NLG_Notify               100051fe f   LIBCMT:exsup.obj
 0001:00004211       __NLG_Dispatch             10005211 f   LIBCMT:exsup.obj
 0001:00004220       __except_handler3          10005220 f   LIBCMT:exsup3.obj
 0001:000042dd       __seh_longjmp_unwind@4     100052dd f   LIBCMT:exsup3.obj
 0001:000042f8       _fclose                    100052f8 f   LIBCMT:fclose.obj
 0001:00004329       __fclose_lk                10005329 f   LIBCMT:fclose.obj
 0001:00004375       __commit                   10005375 f   LIBCMT:commit.obj
 0001:00004408       __write                    10005408 f   LIBCMT:write.obj
 0001:0000446d       __write_lk                 1000546d f   LIBCMT:write.obj
 0001:000045f8       __fptrap                   100055f8 f   LIBCMT:crt0fp.obj
 0001:00004601       __dosmaperr                10005601 f   LIBCMT:dosmap.obj
 0001:00004674       __errno                    10005674 f   LIBCMT:dosmap.obj
 0001:0000467d       ___doserrno                1000567d f   LIBCMT:dosmap.obj
 0001:00004686       __lseek                    10005686 f   LIBCMT:lseek.obj
 0001:000046eb       __lseek_lk                 100056eb f   LIBCMT:lseek.obj
 0001:0000475e       __getbuf                   1000575e f   LIBCMT:_getbuf.obj
 0001:000047a2       ___crtLCMapStringA         100057a2 f   LIBCMT:a_map.obj
 0001:000049f1       ___crtGetStringTypeA       100059f1 f   LIBCMT:a_str.obj
 0001:00004b3a       _toupper                   10005b3a f   LIBCMT:toupper.obj
 0001:00004ba9       __toupper_lk               10005ba9 f   LIBCMT:toupper.obj
 0001:00004c75       __isctype                  10005c75 f   LIBCMT:isctype.obj
 0001:00004cf0       _memmove                   10005cf0 f   LIBCMT:memmove.obj
 0001:00005025       __close                    10006025 f   LIBCMT:close.obj
 0001:00005082       __close_lk                 10006082 f   LIBCMT:close.obj
 0001:00005105       __freebuf                  10006105 f   LIBCMT:_freebuf.obj
 0001:00005130       __free_osfhnd              10006130 f   LIBCMT:osfinfo.obj
 0001:000051af       __get_osfhandle            100061af f   LIBCMT:osfinfo.obj
 0001:000051f1       __lock_fhandle             100061f1 f   LIBCMT:osfinfo.obj
 0001:00005250       __unlock_fhandle           10006250 f   LIBCMT:osfinfo.obj
 0001:00005280       _strcmp                    10006280 f   LIBCMT:strcmp.obj
 0001:00005310       _strcspn                   10006310 f   LIBCMT:strcspn.obj
 0001:00005350       _strpbrk                   10006350 f   LIBCMT:strpbrk.obj
 0001:00005390       __strcmpi                  10006390 f   LIBCMT:stricmp.obj
 0001:00005390       __stricmp                  10006390 f   LIBCMT:stricmp.obj
 0001:00005460       __strnicmp                 10006460 f   LIBCMT:strnicmp.obj
 0001:00005561       __tolower_lk               10006561 f   LIBCMT:tolower.obj
 0001:00005630       __allmul                   10006630 f   LIBCMT:llmul.obj
 0001:00005664       _RtlUnwind@16              10006664 f   kernel32:KERNEL32.dll
 0002:00000000       __imp__GetCommandLineA@0   10007000     kernel32:KERNEL32.dll
 0002:00000004       __imp__GetVersion@0        10007004     kernel32:KERNEL32.dll
 0002:00000008       __imp__EnterCriticalSection@4 10007008     kernel32:KERNEL32.dll
 0002:0000000c       __imp__LeaveCriticalSection@4 1000700c     kernel32:KERNEL32.dll
 0002:00000010       __imp__ExitProcess@4       10007010     kernel32:KERNEL32.dll
 0002:00000014       __imp__TerminateProcess@8  10007014     kernel32:KERNEL32.dll
 0002:00000018       __imp__GetCurrentProcess@0 10007018     kernel32:KERNEL32.dll
 0002:0000001c       __imp__GetCurrentThreadId@0 1000701c     kernel32:KERNEL32.dll
 0002:00000020       __imp__TlsSetValue@8       10007020     kernel32:KERNEL32.dll
 0002:00000024       __imp__TlsAlloc@0          10007024     kernel32:KERNEL32.dll
 0002:00000028       __imp__TlsFree@4           10007028     kernel32:KERNEL32.dll
 0002:0000002c       __imp__SetLastError@4      1000702c     kernel32:KERNEL32.dll
 0002:00000030       __imp__TlsGetValue@4       10007030     kernel32:KERNEL32.dll
 0002:00000034       __imp__GetLastError@0      10007034     kernel32:KERNEL32.dll
 0002:00000038       __imp__SetHandleCount@4    10007038     kernel32:KERNEL32.dll
 0002:0000003c       __imp__GetStdHandle@4      1000703c     kernel32:KERNEL32.dll
 0002:00000040       __imp__GetFileType@4       10007040     kernel32:KERNEL32.dll
 0002:00000044       __imp__GetStartupInfoA@4   10007044     kernel32:KERNEL32.dll
 0002:00000048       __imp__DeleteCriticalSection@4 10007048     kernel32:KERNEL32.dll
 0002:0000004c       __imp__GetModuleFileNameA@12 1000704c     kernel32:KERNEL32.dll
 0002:00000050       __imp__FreeEnvironmentStringsA@4 10007050     kernel32:KERNEL32.dll
 0002:00000054       __imp__FreeEnvironmentStringsW@4 10007054     kernel32:KERNEL32.dll
 0002:00000058       __imp__WideCharToMultiByte@32 10007058     kernel32:KERNEL32.dll
 0002:0000005c       __imp__GetEnvironmentStrings@0 1000705c     kernel32:KERNEL32.dll
 0002:00000060       __imp__GetEnvironmentStringsW@0 10007060     kernel32:KERNEL32.dll
 0002:00000064       __imp__GetModuleHandleA@4  10007064     kernel32:KERNEL32.dll
 0002:00000068       __imp__GetEnvironmentVariableA@12 10007068     kernel32:KERNEL32.dll
 0002:0000006c       __imp__GetVersionExA@4     1000706c     kernel32:KERNEL32.dll
 0002:00000070       __imp__HeapDestroy@4       10007070     kernel32:KERNEL32.dll
 0002:00000074       __imp__HeapCreate@12       10007074     kernel32:KERNEL32.dll
 0002:00000078       __imp__VirtualFree@12      10007078     kernel32:KERNEL32.dll
 0002:0000007c       __imp__HeapFree@12         1000707c     kernel32:KERNEL32.dll
 0002:00000080       __imp__WriteFile@20        10007080     kernel32:KERNEL32.dll
 0002:00000084       __imp__HeapAlloc@12        10007084     kernel32:KERNEL32.dll
 0002:00000088       __imp__InitializeCriticalSection@4 10007088     kernel32:KERNEL32.dll
 0002:0000008c       __imp__InterlockedDecrement@4 1000708c     kernel32:KERNEL32.dll
 0002:00000090       __imp__InterlockedIncrement@4 10007090     kernel32:KERNEL32.dll
 0002:00000094       __imp__GetCPInfo@8         10007094     kernel32:KERNEL32.dll
 0002:00000098       __imp__GetACP@0            10007098     kernel32:KERNEL32.dll
 0002:0000009c       __imp__GetOEMCP@0          1000709c     kernel32:KERNEL32.dll
 0002:000000a0       __imp__VirtualAlloc@16     100070a0     kernel32:KERNEL32.dll
 0002:000000a4       __imp__HeapReAlloc@16      100070a4     kernel32:KERNEL32.dll
 0002:000000a8       __imp__GetProcAddress@8    100070a8     kernel32:KERNEL32.dll
 0002:000000ac       __imp__LoadLibraryA@4      100070ac     kernel32:KERNEL32.dll
 0002:000000b0       __imp__RtlUnwind@16        100070b0     kernel32:KERNEL32.dll
 0002:000000b4       __imp__FlushFileBuffers@4  100070b4     kernel32:KERNEL32.dll
 0002:000000b8       __imp__SetFilePointer@16   100070b8     kernel32:KERNEL32.dll
 0002:000000bc       __imp__MultiByteToWideChar@24 100070bc     kernel32:KERNEL32.dll
 0002:000000c0       __imp__LCMapStringA@24     100070c0     kernel32:KERNEL32.dll
 0002:000000c4       __imp__LCMapStringW@24     100070c4     kernel32:KERNEL32.dll
 0002:000000c8       __imp__GetStringTypeA@20   100070c8     kernel32:KERNEL32.dll
 0002:000000cc       __imp__GetStringTypeW@16   100070cc     kernel32:KERNEL32.dll
 0002:000000d0       __imp__CloseHandle@4       100070d0     kernel32:KERNEL32.dll
 0002:000000d4       __imp__SetStdHandle@8      100070d4     kernel32:KERNEL32.dll
 0002:000000d8       \177KERNEL32_NULL_THUNK_DATA 100070d8     kernel32:KERNEL32.dll
 0002:000000e0       ??_7CSimpleClass@@6B@      100070e0     mydll.obj
 0002:000000f4       ___lookuptable             100070f4     LIBCMT:output.obj
 0002:00000150       ??_C@_1O@POHA@?$AA?$CI?$AAn?$AAu?$AAl?$AAl?$AA?$CJ?$AA?$AA@ 10007150     LIBCMT:output.obj
 0002:00000160       ??_C@_06ONKE@?$CInull?$CJ?$AA@ 10007160     LIBCMT:output.obj
 0002:00000168       ??_C@_0BH@PHHF@__GLOBAL_HEAP_SELECTED?$AA@ 10007168     LIBCMT:heapinit.obj
 0002:00000180       ??_C@_0BF@BBGL@__MSVCRT_HEAP_SELECT?$AA@ 10007180     LIBCMT:heapinit.obj
 0002:00000198       ??_C@_0P@GGKG@runtime?5error?5?$AA@ 10007198     LIBCMT:crt0msg.obj
 0002:000001a8       ??_C@_02PIMC@?$AN?6?$AA@   100071a8     LIBCMT:crt0msg.obj
 0002:000001ac       ??_C@_0O@DELO@TLOSS?5error?$AN?6?$AA@ 100071ac     LIBCMT:crt0msg.obj
 0002:000001bc       ??_C@_0N@OMLL@SING?5error?$AN?6?$AA@ 100071bc     LIBCMT:crt0msg.obj
 0002:000001cc       ??_C@_0P@OJAK@DOMAIN?5error?$AN?6?$AA@ 100071cc     LIBCMT:crt0msg.obj
 0002:000001dc       ??_C@_0CF@EANP@R6028?$AN?6?9?5unable?5to?5initialize?5he@ 100071dc     LIBCMT:crt0msg.obj
 0002:00000204       ??_C@_0DF@ECGN@R6027?$AN?6?9?5not?5enough?5space?5for?5lo@ 10007204     LIBCMT:crt0msg.obj
 0002:0000023c       ??_C@_0DF@FKAC@R6026?$AN?6?9?5not?5enough?5space?5for?5st@ 1000723c     LIBCMT:crt0msg.obj
 0002:00000274       ??_C@_0CG@DPMN@R6025?$AN?6?9?5pure?5virtual?5function?5c@ 10007274     LIBCMT:crt0msg.obj
 0002:0000029c       ??_C@_0DF@CKIP@R6024?$AN?6?9?5not?5enough?5space?5for?5_o@ 1000729c     LIBCMT:crt0msg.obj
 0002:000002d4       ??_C@_0CJ@GGOE@R6019?$AN?6?9?5unable?5to?5open?5console?5@ 100072d4     LIBCMT:crt0msg.obj
 0002:00000300       ??_C@_0CB@LBOB@R6018?$AN?6?9?5unexpected?5heap?5error?$AN?6@ 10007300     LIBCMT:crt0msg.obj
 0002:00000324       ??_C@_0CN@FPEG@R6017?$AN?6?9?5unexpected?5multithread?5@ 10007324     LIBCMT:crt0msg.obj
 0002:00000354       ??_C@_0CM@OBIC@R6016?$AN?6?9?5not?5enough?5space?5for?5th@ 10007354     LIBCMT:crt0msg.obj
 0002:00000380       ??_C@_0CB@HPAL@?$AN?6abnormal?5program?5termination?$AN?6@ 10007380     LIBCMT:crt0msg.obj
 0002:000003a4       ??_C@_0CM@JOOB@R6009?$AN?6?9?5not?5enough?5space?5for?5en@ 100073a4     LIBCMT:crt0msg.obj
 0002:000003d0       ??_C@_0CK@OIBL@R6008?$AN?6?9?5not?5enough?5space?5for?5ar@ 100073d0     LIBCMT:crt0msg.obj
 0002:000003fc       ??_C@_0CF@LKPB@R6002?$AN?6?9?5floating?5point?5not?5load@ 100073fc     LIBCMT:crt0msg.obj
 0002:00000424       ??_C@_0CF@JPDF@Microsoft?5Visual?5C?$CL?$CL?5Runtime?5Lib@ 10007424     LIBCMT:crt0msg.obj
 0002:0000044c       ??_C@_02JJJH@?6?6?$AA@     1000744c     LIBCMT:crt0msg.obj
 0002:00000450       ??_C@_0BK@DEOK@Runtime?5Error?$CB?6?6Program?3?5?$AA@ 10007450     LIBCMT:crt0msg.obj
 0002:0000046c       ??_C@_03NAME@?4?4?4?$AA@   1000746c     LIBCMT:crt0msg.obj
 0002:00000470       ??_C@_0BH@NNCD@?$DMprogram?5name?5unknown?$DO?$AA@ 10007470     LIBCMT:crt0msg.obj
 0002:000004d0       ??_C@_0BD@NJFP@GetLastActivePopup?$AA@ 100074d0     LIBCMT:crtmbox.obj
 0002:000004e4       ??_C@_0BA@GILI@GetActiveWindow?$AA@ 100074e4     LIBCMT:crtmbox.obj
 0002:000004f4       ??_C@_0M@PKCK@MessageBoxA?$AA@ 100074f4     LIBCMT:crtmbox.obj
 0002:00000500       ??_C@_0L@HKL@user32?4dll?$AA@ 10007500     LIBCMT:crtmbox.obj
 0002:0000050c       ??_C@_01A@?$AA?$AA@        1000750c     LIBCMT:a_map.obj
 0002:00000510       ??_C@_13A@?$AA?$AA?$AA?$AA@ 10007510     LIBCMT:a_map.obj
 0002:0000053c       ??_C@_07CJME@H?3mm?3ss?$AA@ 1000753c     LIBCMT:strftime.obj
 0002:00000544       ??_C@_0BE@MHI@dddd?0?5MMMM?5dd?0?5yyyy?$AA@ 10007544     LIBCMT:strftime.obj
 0002:00000558       ??_C@_06HCAD@M?1d?1yy?$AA@ 10007558     LIBCMT:strftime.obj
 0002:00000560       ??_C@_02DBLP@PM?$AA@       10007560     LIBCMT:strftime.obj
 0002:00000564       ??_C@_02ENLM@AM?$AA@       10007564     LIBCMT:strftime.obj
 0002:00000568       ??_C@_08LIDF@December?$AA@ 10007568     LIBCMT:strftime.obj
 0002:00000574       ??_C@_08NJLI@November?$AA@ 10007574     LIBCMT:strftime.obj
 0002:00000580       ??_C@_07IAMM@October?$AA@  10007580     LIBCMT:strftime.obj
 0002:00000588       ??_C@_09MKGD@September?$AA@ 10007588     LIBCMT:strftime.obj
 0002:00000594       ??_C@_06PADP@August?$AA@   10007594     LIBCMT:strftime.obj
 0002:0000059c       ??_C@_04PIJO@July?$AA@     1000759c     LIBCMT:strftime.obj
 0002:000005a4       ??_C@_04ICFP@June?$AA@     100075a4     LIBCMT:strftime.obj
 0002:000005ac       ??_C@_05JFGC@April?$AA@    100075ac     LIBCMT:strftime.obj
 0002:000005b4       ??_C@_05FGPD@March?$AA@    100075b4     LIBCMT:strftime.obj
 0002:000005bc       ??_C@_08PGBA@February?$AA@ 100075bc     LIBCMT:strftime.obj
 0002:000005c8       ??_C@_07BPKJ@January?$AA@  100075c8     LIBCMT:strftime.obj
 0002:000005d0       ??_C@_03PGJO@Dec?$AA@      100075d0     LIBCMT:strftime.obj
 0002:000005d4       ??_C@_03PDLM@Nov?$AA@      100075d4     LIBCMT:strftime.obj
 0002:000005d8       ??_C@_03BLHK@Oct?$AA@      100075d8     LIBCMT:strftime.obj
 0002:000005dc       ??_C@_03DPFM@Sep?$AA@      100075dc     LIBCMT:strftime.obj
 0002:000005e0       ??_C@_03CMCH@Aug?$AA@      100075e0     LIBCMT:strftime.obj
 0002:000005e4       ??_C@_03OBKI@Jul?$AA@      100075e4     LIBCMT:strftime.obj
 0002:000005e8       ??_C@_03LEIG@Jun?$AA@      100075e8     LIBCMT:strftime.obj
 0002:000005ec       ??_C@_03MGHB@May?$AA@      100075ec     LIBCMT:strftime.obj
 0002:000005f0       ??_C@_03MJJM@Apr?$AA@      100075f0     LIBCMT:strftime.obj
 0002:000005f4       ??_C@_03GNHA@Mar?$AA@      100075f4     LIBCMT:strftime.obj
 0002:000005f8       ??_C@_03PICE@Feb?$AA@      100075f8     LIBCMT:strftime.obj
 0002:000005fc       ??_C@_03IEIF@Jan?$AA@      100075fc     LIBCMT:strftime.obj
 0002:00000600       ??_C@_08FAKH@Saturday?$AA@ 10007600     LIBCMT:strftime.obj
 0002:0000060c       ??_C@_06ONCK@Friday?$AA@   1000760c     LIBCMT:strftime.obj
 0002:00000614       ??_C@_08CCFO@Thursday?$AA@ 10007614     LIBCMT:strftime.obj
 0002:00000620       ??_C@_09PBIN@Wednesday?$AA@ 10007620     LIBCMT:strftime.obj
 0002:0000062c       ??_C@_07BMBC@Tuesday?$AA@  1000762c     LIBCMT:strftime.obj
 0002:00000634       ??_C@_06CHLK@Monday?$AA@   10007634     LIBCMT:strftime.obj
 0002:0000063c       ??_C@_06OOEM@Sunday?$AA@   1000763c     LIBCMT:strftime.obj
 0002:00000644       ??_C@_03MPKK@Sat?$AA@      10007644     LIBCMT:strftime.obj
 0002:00000648       ??_C@_03FINJ@Fri?$AA@      10007648     LIBCMT:strftime.obj
 0002:0000064c       ??_C@_03HIKC@Thu?$AA@      1000764c     LIBCMT:strftime.obj
 0002:00000650       ??_C@_03HECK@Wed?$AA@      10007650     LIBCMT:strftime.obj
 0002:00000654       ??_C@_03ECCP@Tue?$AA@      10007654     LIBCMT:strftime.obj
 0002:00000658       ??_C@_03PIEP@Mon?$AA@      10007658     LIBCMT:strftime.obj
 0002:0000065c       ??_C@_03FHEP@Sun?$AA@      1000765c     LIBCMT:strftime.obj
 0002:00000660       ___dnames                  10007660     LIBCMT:timeset.obj
 0002:00000678       ___mnames                  10007678     LIBCMT:timeset.obj
 0002:000006a0       __IMPORT_DESCRIPTOR_KERNEL32 100076a0     kernel32:KERNEL32.dll
 0002:000006b4       __NULL_IMPORT_DESCRIPTOR   100076b4     kernel32:KERNEL32.dll
 0003:00000000       ___xc_a                    10008000     LIBCMT:crt0init.obj
 0003:00000004       ___xc_z                    10008004     LIBCMT:crt0init.obj
 0003:00000008       ___xi_a                    10008008     LIBCMT:crt0init.obj
 0003:00000014       ___xi_z                    10008014     LIBCMT:crt0init.obj
 0003:00000018       ___xp_a                    10008018     LIBCMT:crt0init.obj
 0003:00000020       ___xp_z                    10008020     LIBCMT:crt0init.obj
 0003:00000024       ___xt_a                    10008024     LIBCMT:crt0init.obj
 0003:00000028       ___xt_z                    10008028     LIBCMT:crt0init.obj
 0003:0000012c       __aexit_rtn                1000812c     LIBCMT:dllcrt0.obj
 0003:00000130       __iob                      10008130     LIBCMT:_file.obj
 0003:000003b0       ___nullstring              100083b0     LIBCMT:output.obj
 0003:000003b4       ___wnullstring             100083b4     LIBCMT:output.obj
 0003:000003b8       ___tlsindex                100083b8     LIBCMT:tidtable.obj
 0003:000003c0       ___badioinfo               100083c0     LIBCMT:ioinit.obj
 0003:000003e4       __amblksiz                 100083e4     LIBCMT:heapinit.obj
 0003:00000478       __locktable                10008478     LIBCMT:mlock.obj
 0003:00000540       __cfltcvt_tab              10008540     LIBCMT:cmiscdat.obj
 0003:00000558       __pctype                   10008558     LIBCMT:ctype.obj
 0003:0000055c       __pwctype                  1000855c     LIBCMT:ctype.obj
 0003:00000560       __ctype                    10008560     LIBCMT:ctype.obj
 0003:00000770       __XcptActTab               10008770     LIBCMT:winxfltr.obj
 0003:000007e8       __First_FPE_Indx           100087e8     LIBCMT:winxfltr.obj
 0003:000007ec       __Num_FPE                  100087ec     LIBCMT:winxfltr.obj
 0003:000007f0       __XcptActTabSize           100087f0     LIBCMT:winxfltr.obj
 0003:000007f4       __XcptActTabCount          100087f4     LIBCMT:winxfltr.obj
 0003:00000900       ___old_small_block_heap    10008900     LIBCMT:sbheap.obj
 0003:00002924       ___old_sbh_threshold       1000a924     LIBCMT:sbheap.obj
 0003:00002930       __NLG_Destination          1000a930     LIBCMT:exsup.obj
 0003:00002bb8       ___mb_cur_max              1000abb8     LIBCMT:nlsdata1.obj
 0003:00002bbc       ___decimal_point           1000abbc     LIBCMT:nlsdata1.obj
 0003:00002bc0       ___decimal_point_length    1000abc0     LIBCMT:nlsdata1.obj
 0003:00002bd0       ___lc_time_curr            1000abd0     LIBCMT:strftime.obj
 0003:00002bd8       ___lc_time_c               1000abd8     LIBCMT:strftime.obj
 0003:00002c88       ___lconv_static_decimal    1000ac88     LIBCMT:lconv.obj
 0003:00002c90       ___lconv_c                 1000ac90     LIBCMT:lconv.obj
 0003:00002cc0       ___lconv                   1000acc0     LIBCMT:lconv.obj
 0003:00002cd0       __timezone                 1000acd0     LIBCMT:timeset.obj
 0003:00002cd4       __daylight                 1000acd4     LIBCMT:timeset.obj
 0003:00002cd8       __dstbias                  1000acd8     LIBCMT:timeset.obj
 0003:00002d5c       __tzname                   1000ad5c     LIBCMT:timeset.obj
 0003:00002d90       __lpdays                   1000ad90     LIBCMT:days.obj
 0003:00002dc4       __days                     1000adc4     LIBCMT:days.obj
 0003:00002dfc       __aenvptr                  1000adfc     LIBCMT:dllcrt0.obj
 0003:00002e00       __wenvptr                  1000ae00     LIBCMT:dllcrt0.obj
 0003:00002e04       ___error_mode              1000ae04     LIBCMT:dllcrt0.obj
 0003:00002e08       ___app_type                1000ae08     LIBCMT:dllcrt0.obj
 0003:00002e0c       __cflush                   1000ae0c     LIBCMT:_file.obj
 0003:00002e10       __stdbuf                   1000ae10     LIBCMT:_sftbuf.obj
 0003:00002e18       __umaskval                 1000ae18     LIBCMT:crt0dat.obj
 0003:00002e1c       __osver                    1000ae1c     LIBCMT:crt0dat.obj
 0003:00002e20       __winver                   1000ae20     LIBCMT:crt0dat.obj
 0003:00002e24       __winmajor                 1000ae24     LIBCMT:crt0dat.obj
 0003:00002e28       __winminor                 1000ae28     LIBCMT:crt0dat.obj
 0003:00002e2c       ___argc                    1000ae2c     LIBCMT:crt0dat.obj
 0003:00002e30       ___argv                    1000ae30     LIBCMT:crt0dat.obj
 0003:00002e34       ___wargv                   1000ae34     LIBCMT:crt0dat.obj
 0003:00002e38       __environ                  1000ae38     LIBCMT:crt0dat.obj
 0003:00002e3c       ___initenv                 1000ae3c     LIBCMT:crt0dat.obj
 0003:00002e40       __wenviron                 1000ae40     LIBCMT:crt0dat.obj
 0003:00002e44       ___winitenv                1000ae44     LIBCMT:crt0dat.obj
 0003:00002e48       __pgmptr                   1000ae48     LIBCMT:crt0dat.obj
 0003:00002e4c       __wpgmptr                  1000ae4c     LIBCMT:crt0dat.obj
 0003:00002e50       __exitflag                 1000ae50     LIBCMT:crt0dat.obj
 0003:00002e54       __C_Termination_Done       1000ae54     LIBCMT:crt0dat.obj
 0003:00002e58       __C_Exit_Done              1000ae58     LIBCMT:crt0dat.obj
 0003:00002f64       __adbgmsg                  1000af64     LIBCMT:crt0msg.obj
 0003:00002fdc       ?_pnhHeap@@3P6AHI@ZA       1000afdc     LIBCMT:handler.obj
 0003:00002fe0       __newmode                  1000afe0     LIBCMT:_newmode.obj
 0003:00002ff0       ___lc_handle               1000aff0     LIBCMT:nlsdata2.obj
 0003:00003008       ___lc_codepage             1000b008     LIBCMT:nlsdata2.obj
 0003:0000300c       ___lc_collate_cp           1000b00c     LIBCMT:nlsdata2.obj
 0003:00003018       ___lc_time_intl            1000b018     LIBCMT:inittime.obj
 0003:00003034       ___lc_id                   1000b034     LIBCMT:nlsdata3.obj
 0003:00003084       ___lconv_static_null       1000b084     LIBCMT:lconv.obj
 0003:00003158       ___setlc_active            1000b158     <common>
 0003:0000315c       ___unguarded_readlc_active 1000b15c     <common>
 0003:00003160       ___sbh_sizeHeaderList      1000b160     <common>
 0003:00003164       ___sbh_indGroupDefer       1000b164     <common>
 0003:00003168       ___sbh_pHeaderScan         1000b168     <common>
 0003:0000316c       ___sbh_pHeaderDefer        1000b16c     <common>
 0003:00003170       ___sbh_cntHeaderList       1000b170     <common>
 0003:00003174       ___sbh_pHeaderList         1000b174     <common>
 0003:00003178       ___sbh_threshold           1000b178     <common>
 0003:0000317c       ___mbcodepage              1000b17c     <common>
 0003:00003180       ___mbulinfo                1000b180     <common>
 0003:0000318c       ___ismbcodepage            1000b18c     <common>
 0003:000031a0       __mbcasemap                1000b1a0     <common>
 0003:000032a0       __mbctype                  1000b2a0     <common>
 0003:000033a4       ___mblcid                  1000b3a4     <common>
 0003:000033a8       __crtheap                  1000b3a8     <common>
 0003:000033ac       ___active_heap             1000b3ac     <common>
 0003:000033c0       ___pioinfo                 1000b3c0     <common>
 0003:000034c0       __nhandle                  1000b4c0     <common>
 0003:000034c4       ___env_initialized         1000b4c4     <common>
 0003:000034c8       ___mbctype_initialized     1000b4c8     <common>
 0003:000034cc       ___onexitend               1000b4cc     <common>
 0003:000034d0       ___onexitbegin             1000b4d0     <common>
 0003:000034d4       __FPinit                   1000b4d4     <common>
 0003:000034d8       ___piob                    1000b4d8     <common>
 0003:000034e0       __bufin                    1000b4e0     <common>
 0003:000044e0       __nstream                  1000c4e0     <common>
 0003:000044e4       __acmdln                   1000c4e4     <common>
 0003:000044e8       __pRawDllMain              1000c4e8     <common>

 entry point at        0001:000002c3

 Static symbols

 0001:00004d60       LeadUp1                    10005d60 f   LIBCMT:memmove.obj
 0001:00004d8c       LeadUp2                    10005d8c f   LIBCMT:memmove.obj
 0001:00004db0       LeadUp3                    10005db0 f   LIBCMT:memmove.obj
 0001:00004e2f       UnwindUp0                  10005e2f f   LIBCMT:memmove.obj
 0001:00004e1c       UnwindUp1                  10005e1c f   LIBCMT:memmove.obj
 0001:00004e14       UnwindUp2                  10005e14 f   LIBCMT:memmove.obj
 0001:00004e0c       UnwindUp3                  10005e0c f   LIBCMT:memmove.obj
 0001:00004e04       UnwindUp4                  10005e04 f   LIBCMT:memmove.obj
 0001:00004dfc       UnwindUp5                  10005dfc f   LIBCMT:memmove.obj
 0001:00004df4       UnwindUp6                  10005df4 f   LIBCMT:memmove.obj
 0001:00004dec       UnwindUp7                  10005dec f   LIBCMT:memmove.obj
 0001:00004e48       TrailUp0                   10005e48 f   LIBCMT:memmove.obj
 0001:00004e50       TrailUp1                   10005e50 f   LIBCMT:memmove.obj
 0001:00004e5c       TrailUp2                   10005e5c f   LIBCMT:memmove.obj
 0001:00004e70       TrailUp3                   10005e70 f   LIBCMT:memmove.obj
 0001:00004ee8       LeadDown1                  10005ee8 f   LIBCMT:memmove.obj
 0001:00004f08       LeadDown2                  10005f08 f   LIBCMT:memmove.obj
 0001:00004f30       LeadDown3                  10005f30 f   LIBCMT:memmove.obj
 0001:00004f84       UnwindDown7                10005f84 f   LIBCMT:memmove.obj
 0001:00004f8c       UnwindDown6                10005f8c f   LIBCMT:memmove.obj
 0001:00004f94       UnwindDown5                10005f94 f   LIBCMT:memmove.obj
 0001:00004f9c       UnwindDown4                10005f9c f   LIBCMT:memmove.obj
 0001:00004fa4       UnwindDown3                10005fa4 f   LIBCMT:memmove.obj
 0001:00004fac       UnwindDown2                10005fac f   LIBCMT:memmove.obj
 0001:00004fb4       UnwindDown1                10005fb4 f   LIBCMT:memmove.obj
 0001:00004fc7       UnwindDown0                10005fc7 f   LIBCMT:memmove.obj
 0001:00004fe0       TrailDown0                 10005fe0 f   LIBCMT:memmove.obj
 0001:00004fe8       TrailDown1                 10005fe8 f   LIBCMT:memmove.obj
 0001:00004ff8       TrailDown2                 10005ff8 f   LIBCMT:memmove.obj
 0001:0000500c       TrailDown3                 1000600c f   LIBCMT:memmove.obj
 0001:000049c6       _strncnt                   100059c6 f   LIBCMT:a_map.obj
 0001:00004140       _gu_return                 10005140 f   LIBCMT:exsup.obj
 0001:00004148       __unwind_handler           10005148 f   LIBCMT:exsup.obj
 0001:00002cdc       _strtoxl                   10003cdc f   LIBCMT:strtol.obj
 0001:00002a00       LeadUp1                    10003a00 f   LIBCMT:memcpy.obj
 0001:00002a2c       LeadUp2                    10003a2c f   LIBCMT:memcpy.obj
 0001:00002a50       LeadUp3                    10003a50 f   LIBCMT:memcpy.obj
 0001:00002acf       UnwindUp0                  10003acf f   LIBCMT:memcpy.obj
 0001:00002abc       UnwindUp1                  10003abc f   LIBCMT:memcpy.obj
 0001:00002ab4       UnwindUp2                  10003ab4 f   LIBCMT:memcpy.obj
 0001:00002aac       UnwindUp3                  10003aac f   LIBCMT:memcpy.obj
 0001:00002aa4       UnwindUp4                  10003aa4 f   LIBCMT:memcpy.obj
 0001:00002a9c       UnwindUp5                  10003a9c f   LIBCMT:memcpy.obj
 0001:00002a94       UnwindUp6                  10003a94 f   LIBCMT:memcpy.obj
 0001:00002a8c       UnwindUp7                  10003a8c f   LIBCMT:memcpy.obj
 0001:00002ae8       TrailUp0                   10003ae8 f   LIBCMT:memcpy.obj
 0001:00002af0       TrailUp1                   10003af0 f   LIBCMT:memcpy.obj
 0001:00002afc       TrailUp2                   10003afc f   LIBCMT:memcpy.obj
 0001:00002b10       TrailUp3                   10003b10 f   LIBCMT:memcpy.obj
 0001:00002b88       LeadDown1                  10003b88 f   LIBCMT:memcpy.obj
 0001:00002ba8       LeadDown2                  10003ba8 f   LIBCMT:memcpy.obj
 0001:00002bd0       LeadDown3                  10003bd0 f   LIBCMT:memcpy.obj
 0001:00002c24       UnwindDown7                10003c24 f   LIBCMT:memcpy.obj
 0001:00002c2c       UnwindDown6                10003c2c f   LIBCMT:memcpy.obj
 0001:00002c34       UnwindDown5                10003c34 f   LIBCMT:memcpy.obj
 0001:00002c3c       UnwindDown4                10003c3c f   LIBCMT:memcpy.obj
 0001:00002c44       UnwindDown3                10003c44 f   LIBCMT:memcpy.obj
 0001:00002c4c       UnwindDown2                10003c4c f   LIBCMT:memcpy.obj
 0001:00002c54       UnwindDown1                10003c54 f   LIBCMT:memcpy.obj
 0001:00002c67       UnwindDown0                10003c67 f   LIBCMT:memcpy.obj
 0001:00002c80       TrailDown0                 10003c80 f   LIBCMT:memcpy.obj
 0001:00002c88       TrailDown1                 10003c88 f   LIBCMT:memcpy.obj
 0001:00002c98       TrailDown2                 10003c98 f   LIBCMT:memcpy.obj
 0001:00002cac       TrailDown3                 10003cac f   LIBCMT:memcpy.obj
 0001:0000273d       _getSystemCP               1000373d f   LIBCMT:mbctype.obj
 0001:00002787       _CPtoLCID                  10003787 f   LIBCMT:mbctype.obj
 0001:000027ba       _setSBCS                   100037ba f   LIBCMT:mbctype.obj
 0001:000027e3       _setSBUpLow                100037e3 f   LIBCMT:mbctype.obj
 0001:00001d60       _flsall                    10002d60 f   LIBCMT:fflush.obj
 0001:0000141d       _parse_cmdline             1000241d f   LIBCMT:stdargv.obj
 0001:00000e5e       _doexit                    10001e5e f   LIBCMT:crt0dat.obj
 0001:00000f15       __initterm                 10001f15 f   LIBCMT:crt0dat.obj
 0001:00000d48       _write_char                10001d48 f   LIBCMT:output.obj
 0001:00000d7d       _write_multi_char          10001d7d f   LIBCMT:output.obj
 0001:00000dae       _write_string              10001dae f   LIBCMT:output.obj
 0001:00000de6       _get_int_arg               10001de6 f   LIBCMT:output.obj
 0001:00000df3       _get_int64_arg             10001df3 f   LIBCMT:output.obj
 0001:00000e03       _get_short_arg             10001e03 f   LIBCMT:output.obj
