 mydll

 Timestamp is 497a34d1 (Fri Jan 23 22:21:21 2009)

 Preferred load address is 10000000

 Start         Length     Name                   Class
 0001:00000000 00008e54H .text                   CODE
 0002:00000000 00000118H .idata$5                DATA
 0002:00000118 00000004H .CRT$XCA                DATA
 0002:0000011c 00000004H .CRT$XCZ                DATA
 0002:00000120 00000004H .CRT$XIA                DATA
 0002:00000124 00000010H .CRT$XIC                DATA
 0002:00000134 00000004H .CRT$XIZ                DATA
 0002:00000138 00000004H .CRT$XPA                DATA
 0002:0000013c 00000004H .CRT$XPX                DATA
 0002:00000140 00000004H .CRT$XPXA               DATA
 0002:00000144 00000004H .CRT$XPZ                DATA
 0002:00000148 00000004H .CRT$XTA                DATA
 0002:0000014c 00000004H .CRT$XTZ                DATA
 0002:00000150 00001b30H .rdata                  DATA
 0002:00001c80 00000090H .rdata$r                DATA
 0002:00001d10 0000000cH .rdata$sxdata           DATA
 0002:00001d1c 00000004H .rtc$IAA                DATA
 0002:00001d20 00000004H .rtc$IZZ                DATA
 0002:00001d24 00000004H .rtc$TAA                DATA
 0002:00001d28 00000004H .rtc$TZZ                DATA
 0002:00001d30 0000045cH .xdata$x                DATA
 0002:0000218c 00000014H .idata$2                DATA
 0002:000021a0 00000014H .idata$3                DATA
 0002:000021b4 00000118H .idata$4                DATA
 0002:000022cc 000004f8H .idata$6                DATA
 0002:000027d0 00000262H .edata                  DATA
 0003:00000000 00000f60H .data                   DATA
 0003:00000f60 00001c08H .bss                    DATA

  Address         Publics by Value              Rva+Base       Lib:Object

 0000:00000000       __except_list              00000000     <absolute>
 0000:00000003       ___safe_se_handler_count   00000003     <absolute>
 0000:00000000       ___ImageBase               10000000     <linker-defined>
 0001:00000000       ?RGB@CSimpleClass@@QAE?AUCOLOR@@EEEE@Z 10001000 f i mydll.obj
 0001:00000040       ??0CSimpleClass@@QAE@ABV0@@Z 10001040 f i mydll.obj
 0001:00000070       ??4CSimpleClass@@QAEAAV0@ABV0@@Z 10001070 f i mydll.obj
 0001:00000090       ??0CSimpleClass@@QAE@H@Z   10001090 f   mydll.obj
 0001:000000d0       ??1CSimpleClass@@QAE@XZ    100010d0 f   mydll.obj
 0001:00000100       ?M1@CSimpleClass@@QAEXXZ   10001100 f   mydll.obj
 0001:00000150       ?V0@CSimpleClass@@UAEXXZ   10001150 f   mydll.obj
 0001:00000170       ?V1@CSimpleClass@@UAEXH@Z  10001170 f   mydll.obj
 0001:000001a0       ?V1@CSimpleClass@@UAEXXZ   100011a0 f   mydll.obj
 0001:000001c0       ?V1@CSimpleClass@@UAEXPAD@Z 100011c0 f   mydll.obj
 0001:000001f0       ?V1@CSimpleClass@@UAEXHPAD@Z 100011f0 f   mydll.obj
 0001:00000220       ?V1@CSimpleClass@@UAEXPADH@Z 10001220 f   mydll.obj
 0001:00000250       ?V2@CSimpleClass@@UAEXXZ   10001250 f   mydll.obj
 0001:00000270       ?M1@CSimpleClass@@QAEXH@Z  10001270 f   mydll.obj
 0001:000002f3       ??1type_info@@UAE@XZ       100012f3 f   LIBCMT:typinfo.obj
 0001:00000303       ??_Etype_info@@UAEPAXI@Z   10001303 f i LIBCMT:typinfo.obj
 0001:00000303       ??_Gtype_info@@UAEPAXI@Z   10001303 f i LIBCMT:typinfo.obj
 0001:00000324       __purecall                 10001324 f   LIBCMT:purevirt.obj
 0001:0000034e       _printf                    1000134e f   LIBCMT:printf.obj
 0001:000003fd       __get_printf_count_output  100013fd f   LIBCMT:printf.obj
 0001:00000413       __CxxThrowException@8      10001413 f   LIBCMT:throw.obj
 0001:0000045f       __CRT_INIT@12              1000145f f   LIBCMT:dllcrt0.obj
 0001:0000068a       __DllMainCRTStartup@12     1000168a f   LIBCMT:dllcrt0.obj
 0001:000006ad       ?_Type_info_dtor@type_info@@CAXPAV1@@Z 100016ad f   LIBCMT:typname.obj
 0001:0000071d       ??3@YAXPAX@Z               1000171d f   LIBCMT:delete.obj
 0001:00000730       _strcmp                    10001730 f   LIBCMT:strcmp.obj
 0001:000007b8       _abort                     100017b8 f   LIBCMT:abort.obj
 0001:000008cf       __set_abort_behavior       100018cf f   LIBCMT:abort.obj
 0001:000008f0       __NMSG_WRITE               100018f0 f   LIBCMT:crt0msg.obj
 0001:00000a9b       __FF_MSGBANNER             10001a9b f   LIBCMT:crt0msg.obj
 0001:00000ad4       __encode_pointer           10001ad4 f   LIBCMT:tidtable.obj
 0001:00000b46       __encoded_null             10001b46 f   LIBCMT:tidtable.obj
 0001:00000b4f       __decode_pointer           10001b4f f   LIBCMT:tidtable.obj
 0001:00000bc1       ___crtTlsAlloc@4           10001bc1 f   LIBCMT:tidtable.obj
 0001:00000bca       ___set_flsgetvalue         10001bca f   LIBCMT:tidtable.obj
 0001:00000bfe       __mtterm                   10001bfe f   LIBCMT:tidtable.obj
 0001:00000c3b       __initptd                  10001c3b f   LIBCMT:tidtable.obj
 0001:00000d22       __getptd_noexit            10001d22 f   LIBCMT:tidtable.obj
 0001:00000d9b       __getptd                   10001d9b f   LIBCMT:tidtable.obj
 0001:00000db5       __freefls@4                10001db5 f   LIBCMT:tidtable.obj
 0001:00000ee4       __freeptd                  10001ee4 f   LIBCMT:tidtable.obj
 0001:00000f52       __mtinit                   10001f52 f   LIBCMT:tidtable.obj
 0001:000010df       __initp_misc_purevirt      100020df f   LIBCMT:inithelp.obj
 0001:000010ee       ___iob_func                100020ee f   LIBCMT:_file.obj
 0001:000010f4       ___initstdio               100020f4 f   LIBCMT:_file.obj
 0001:000011a5       ___endstdio                100021a5 f   LIBCMT:_file.obj
 0001:000011c5       __lock_file                100021c5 f   LIBCMT:_file.obj
 0001:00001206       __lock_file2               10002206 f   LIBCMT:_file.obj
 0001:00001238       __unlock_file              10002238 f   LIBCMT:_file.obj
 0001:00001274       __unlock_file2             10002274 f   LIBCMT:_file.obj
 0001:000012a3       __stbuf                    100022a3 f   LIBCMT:_sftbuf.obj
 0001:0000133f       __ftbuf                    1000233f f   LIBCMT:_sftbuf.obj
 0001:00001373       ??0_LocaleUpdate@@QAE@PAUlocaleinfo_struct@@@Z 10002373 f i LIBCMT:output.obj
 0001:000014a0       __output_l                 100024a0 f   LIBCMT:output.obj
 0001:00002038       __initp_misc_invarg        10003038 f   LIBCMT:invarg.obj
 0001:00002047       __invoke_watson            10003047 f   LIBCMT:invarg.obj
 0001:0000216f       __invalid_parameter        1000316f f   LIBCMT:invarg.obj
 0001:00002195       __get_errno_from_oserr     10003195 f   LIBCMT:dosmap.obj
 0001:000021d7       __errno                    100031d7 f   LIBCMT:dosmap.obj
 0001:000021ea       ___doserrno                100031ea f   LIBCMT:dosmap.obj
 0001:000021fd       __dosmaperr                100031fd f   LIBCMT:dosmap.obj
 0001:00002220       __SEH_prolog4              10003220 f   LIBCMT:sehprolg4.obj
 0001:00002265       __SEH_epilog4              10003265 f   LIBCMT:sehprolg4.obj
 0001:00002280       __except_handler4          10003280 f   LIBCMT:chandler4.obj
 0001:0000240c       _free                      1000340c f   LIBCMT:free.obj
 0001:0000249a       __malloc_crt               1000349a f   LIBCMT:crtheap.obj
 0001:000024df       __calloc_crt               100034df f   LIBCMT:crtheap.obj
 0001:0000252b       __realloc_crt              1000352b f   LIBCMT:crtheap.obj
 0001:00002579       __crt_waiting_on_module_handle 10003579 f   LIBCMT:crt0dat.obj
 0001:000025a9       __amsg_exit                100035a9 f   LIBCMT:crt0dat.obj
 0001:000025d2       ___crtCorExitProcess       100035d2 f   LIBCMT:crt0dat.obj
 0001:000025fd       ___crtExitProcess          100035fd f   LIBCMT:crt0dat.obj
 0001:00002615       __lockexit                 10003615 f   LIBCMT:crt0dat.obj
 0001:0000261e       __unlockexit               1000361e f   LIBCMT:crt0dat.obj
 0001:00002644       __initterm_e               10003644 f   LIBCMT:crt0dat.obj
 0001:00002668       __cinit                    10003668 f   LIBCMT:crt0dat.obj
 0001:00002819       __exit                     10003819 f   LIBCMT:crt0dat.obj
 0001:0000282f       __cexit                    1000382f f   LIBCMT:crt0dat.obj
 0001:0000283e       __init_pointers            1000383e f   LIBCMT:crt0dat.obj
 0001:0000288c       __ioinit                   1000388c f   LIBCMT:ioinit.obj
 0001:00002ae0       __ioterm                   10003ae0 f   LIBCMT:ioinit.obj
 0001:00002b2e       __setenvp                  10003b2e f   LIBCMT:stdenvp.obj
 0001:00002da6       __setargv                  10003da6 f   LIBCMT:stdargv.obj
 0001:00002e61       ___crtGetEnvironmentStringsA 10003e61 f   LIBCMT:a_env.obj
 0001:00002f98       __RTC_Initialize           10003f98 f   LIBCMT:_initsect_.obj
 0001:00002fbe       __RTC_Terminate            10003fbe f   LIBCMT:_initsect_.obj
 0001:00002fe4       __heap_init                10003fe4 f   LIBCMT:heapinit.obj
 0001:00003014       __heap_term                10004014 f   LIBCMT:heapinit.obj
 0001:00003088       __initp_misc_winxfltr      10004088 f   LIBCMT:winxfltr.obj
 0001:00003089       __XcptFilter               10004089 f   LIBCMT:winxfltr.obj
 0001:000031e9       ___CppXcptFilter           100041e9 f   LIBCMT:winxfltr.obj
 0001:00003209       _DllMain@12                10004209 f   LIBCMT:dllmain.obj
 0001:0000320f       ___security_init_cookie    1000420f f   LIBCMT:gs_support.obj
 0001:000032a5       __mtinitlocks              100042a5 f   LIBCMT:mlock.obj
 0001:000032f0       __mtdeletelocks            100042f0 f   LIBCMT:mlock.obj
 0001:00003347       __unlock                   10004347 f   LIBCMT:mlock.obj
 0001:0000335e       __mtinitlocknum            1000435e f   LIBCMT:mlock.obj
 0001:00003421       __lock                     10004421 f   LIBCMT:mlock.obj
 0001:00003454       _strcpy_s                  10004454 f   LIBCMT:strcpy_s.obj
 0001:000034c0       _strlen                    100044c0 f   LIBCMT:strlen.obj
 0001:0000354b       _V6_HeapAlloc              1000454b f   LIBCMT:malloc.obj
 0001:0000359a       _malloc                    1000459a f   LIBCMT:malloc.obj
 0001:00003664       __local_unwind4            10004664 f   LIBCMT:exsup4.obj
 0001:0000373a       __seh_longjmp_unwind4@4    1000473a f   LIBCMT:exsup4.obj
 0001:00003756       @_EH4_CallFilterFunc@8     10004756 f   LIBCMT:exsup4.obj
 0001:0000376d       @_EH4_TransferToHandler@8  1000476d f   LIBCMT:exsup4.obj
 0001:00003786       @_EH4_GlobalUnwind@4       10004786 f   LIBCMT:exsup4.obj
 0001:000037a0       @_EH4_LocalUnwind@16       100047a0 f   LIBCMT:exsup4.obj
 0001:000037c0       _memset                    100047c0 f   LIBCMT:memset.obj
 0001:0000383a       __initp_misc_winsig        1000483a f   LIBCMT:winsig.obj
 0001:0000388f       ___get_sigabrt             1000488f f   LIBCMT:winsig.obj
 0001:0000389c       _raise                     1000489c f   LIBCMT:winsig.obj
 0001:00003a4c       @__security_check_cookie@4 10004a4c f   LIBCMT:secchk.obj
 0001:00003a5b       ___crtMessageBoxA          10004a5b f   LIBCMT:crtmbox.obj
 0001:00003bc4       _strcat_s                  10004bc4 f   LIBCMT:strcat_s.obj
 0001:00003c38       _strncpy_s                 10004c38 f   LIBCMT:strncpy_s.obj
 0001:00003ced       __set_error_mode           10004ced f   LIBCMT:errmode.obj
 0001:00003d38       ___freetlocinfo            10004d38 f   LIBCMT:setlocal.obj
 0001:00003e81       ___addlocaleref            10004e81 f   LIBCMT:setlocal.obj
 0001:00003f10       ___removelocaleref         10004f10 f   LIBCMT:setlocal.obj
 0001:00003fe7       ___updatetlocinfo          10004fe7 f   LIBCMT:setlocal.obj
 0001:00004283       ___updatetmbcinfo          10005283 f   LIBCMT:mbctype.obj
 0001:000043a3       __setmbcp_nolock           100053a3 f   LIBCMT:mbctype.obj
 0001:00004588       __setmbcp                  10005588 f   LIBCMT:mbctype.obj
 0001:00004722       ___initmbctable            10005722 f   LIBCMT:mbctype.obj
 0001:00004740       __freea                    10005740 f i LIBCMT:a_loc.obj
 0001:00004760       __fcloseall                10005760 f   LIBCMT:closeall.obj
 0001:000047ff       __flush                    100057ff f   LIBCMT:fflush.obj
 0001:00004867       __fflush_nolock            10005867 f   LIBCMT:fflush.obj
 0001:00004989       __flushall                 10005989 f   LIBCMT:fflush.obj
 0001:00004992       __isatty                   10005992 f   LIBCMT:isatty.obj
 0001:000049f6       __fileno                   100059f6 f   LIBCMT:fileno.obj
 0001:00004a28       __flsbuf                   10005a28 f   LIBCMT:_flsbuf.obj
 0001:00004b8c       __initp_misc_cfltcvt_tab   10005b8c f   LIBCMT:cmiscdat.obj
 0001:00004bad       __wctomb_s_l               10005bad f   LIBCMT:wctomb.obj
 0001:00004d19       _wctomb_s                  10005d19 f   LIBCMT:wctomb.obj
 0001:00004d36       __isleadbyte_l             10005d36 f i LIBCMT:_wctype.obj
 0001:00004d6e       _isleadbyte                10005d6e f i LIBCMT:_wctype.obj
 0001:00004d90       __aulldvrm                 10005d90 f   LIBCMT:ulldvrm.obj
 0001:00004e25       __crt_debugger_hook        10005e25 f   LIBCMT:dbghook.obj
 0001:00004e30       __ValidateImageBase        10005e30 f   LIBCMT:pesect.obj
 0001:00004e70       __FindPESection            10005e70 f   LIBCMT:pesect.obj
 0001:00004ec0       __IsNonwritableInCurrentImage 10005ec0 f   LIBCMT:pesect.obj
 0001:00004f7d       ___sbh_find_block          10005f7d f   LIBCMT:sbheap.obj
 0001:00004fad       ___sbh_free_block          10005fad f   LIBCMT:sbheap.obj
 0001:000052c3       ___sbh_alloc_new_region    100062c3 f   LIBCMT:sbheap.obj
 0001:00005373       ___sbh_alloc_new_group     10006373 f   LIBCMT:sbheap.obj
 0001:0000547b       ___sbh_resize_block        1000647b f   LIBCMT:sbheap.obj
 0001:0000575c       ___sbh_alloc_block         1000675c f   LIBCMT:sbheap.obj
 0001:00005a41       __calloc_impl              10006a41 f   LIBCMT:calloc_impl.obj
 0001:00005b5f       _realloc                   10006b5f f   LIBCMT:realloc.obj
 0001:00005e34       ___onexitinit              10006e34 f   LIBCMT:onexit.obj
 0001:00005e65       __onexit                   10006e65 f   LIBCMT:onexit.obj
 0001:00005ea1       _atexit                    10006ea1 f   LIBCMT:onexit.obj
 0001:00005eb8       ?terminate@@YAXXZ          10006eb8 f   LIBCMT:hooks.obj
 0001:00005ef1       __initp_eh_hooks           10006ef1 f   LIBCMT:hooks.obj
 0001:00005f02       __initp_misc_rand_s        10006f02 f   LIBCMT:rand_s.obj
 0001:00005f11       __initp_misc_initcrit      10006f11 f   LIBCMT:initcrit.obj
 0001:00005f20       ___crtInitCritSecAndSpinCount 10006f20 f   LIBCMT:initcrit.obj
 0001:00005f80       __initp_heap_handler       10006f80 f   LIBCMT:handler.obj
 0001:00005f8f       __callnewh                 10006f8f f   LIBCMT:handler.obj
 0001:0000600a       __ismbblead                1000700a f   LIBCMT:ismbbyte.obj
 0001:00006030       _memcpy                    10007030 f   LIBCMT:memcpy.obj
 0001:000063a0       __allmul                   100073a0 f   LIBCMT:llmul.obj
 0001:000063d4       _atol                      100073d4 f   LIBCMT:atox.obj
 0001:000063ec       __global_unwind2           100073ec f   LIBCMT:exsup.obj
 0001:00006451       __local_unwind2            10007451 f   LIBCMT:exsup.obj
 0001:000064d5       __abnormal_termination     100074d5 f   LIBCMT:exsup.obj
 0001:000064f8       __NLG_Notify1              100074f8 f   LIBCMT:exsup.obj
 0001:00006501       __NLG_Notify               10007501 f   LIBCMT:exsup.obj
 0001:00006518       __NLG_Dispatch2            10007518     LIBCMT:exsup.obj
 0001:00006518       __NLG_Dispatch             10007518     LIBCMT:exsup.obj
 0001:00006520       __NLG_Call                 10007520 f   LIBCMT:exsup.obj
 0001:00006522       __NLG_Return2              10007522     LIBCMT:exsup.obj
 0001:0000657a       __VEC_memzero              1000757a f   LIBCMT:p4_memset.obj
 0001:00006659       __get_sse2_info            10007659 f   LIBCMT:cpu_disp.obj
 0001:000066bb       ___sse2_available_init     100076bb f   LIBCMT:cpu_disp.obj
 0001:000066c8       ___report_gsfailure        100076c8 f   LIBCMT:gs_report.obj
 0001:000067ce       ___free_lc_time            100077ce f   LIBCMT:inittime.obj
 0001:00006963       ___free_lconv_num          10007963 f   LIBCMT:initnum.obj
 0001:000069a8       ___free_lconv_mon          100079a8 f   LIBCMT:initmon.obj
 0001:00006a40       _strcspn                   10007a40 f   LIBCMT:strcspn.obj
 0001:00006c40       ___crtGetStringTypeA       10007c40 f   LIBCMT:a_str.obj
 0001:00006c90       _strpbrk                   10007c90 f   LIBCMT:strpbrk.obj
 0001:00007075       ___crtLCMapStringA         10008075 f   LIBCMT:a_map.obj
 0001:000070ba       __isctype_l                100080ba f   LIBCMT:isctype.obj
 0001:00007180       __alloca_probe_16          10008180 f   LIBCMT:alloca16.obj
 0001:00007196       __alloca_probe_8           10008196     LIBCMT:alloca16.obj
 0001:000071ac       __fclose_nolock            100081ac f   LIBCMT:fclose.obj
 0001:00007223       _fclose                    10008223 f   LIBCMT:fclose.obj
 0001:0000729f       __write_nolock             1000829f f   LIBCMT:write.obj
 0001:000079d2       __write                    100089d2 f   LIBCMT:write.obj
 0001:00007aae       __commit                   10008aae f   LIBCMT:commit.obj
 0001:00007b8f       __lseeki64_nolock          10008b8f f   LIBCMT:lseeki64.obj
 0001:00007c14       __lseeki64                 10008c14 f   LIBCMT:lseeki64.obj
 0001:00007d2d       __getbuf                   10008d2d f   LIBCMT:_getbuf.obj
 0001:00007d76       __fptrap                   10008d76 f   LIBCMT:crt0fp.obj
 0001:00007fae       _strtol                    10008fae f   LIBCMT:strtol.obj
 0001:00007fe0       _memmove                   10008fe0 f   LIBCMT:memmove.obj
 0001:00008345       __msize                    10009345 f   LIBCMT:msize.obj
 0001:0000846f       __VEC_memcpy               1000946f f   LIBCMT:p4_memcpy.obj
 0001:00008552       ___ansicp                  10009552 f   LIBCMT:convrtcp.obj
 0001:0000859b       ___convertcp               1000959b f   LIBCMT:convrtcp.obj
 0001:00008750       __chkstk                   10009750 f   LIBCMT:chkstk.obj
 0001:00008750       __alloca_probe             10009750     LIBCMT:chkstk.obj
 0001:0000877b       __close_nolock             1000977b f   LIBCMT:close.obj
 0001:00008817       __close                    10009817 f   LIBCMT:close.obj
 0001:000088e4       __freebuf                  100098e4 f   LIBCMT:_freebuf.obj
 0001:00008915       __putwch_nolock            10009915 f   LIBCMT:putwch.obj
 0001:000089da       __mbtowc_l                 100099da f   LIBCMT:mbtowc.obj
 0001:00008af1       _mbtowc                    10009af1 f   LIBCMT:mbtowc.obj
 0001:00008b0b       __free_osfhnd              10009b0b f   LIBCMT:osfinfo.obj
 0001:00008b91       __get_osfhandle            10009b91 f   LIBCMT:osfinfo.obj
 0001:00008c08       ___lock_fhandle            10009c08 f   LIBCMT:osfinfo.obj
 0001:00008ca8       __unlock_fhandle           10009ca8 f   LIBCMT:osfinfo.obj
 0001:00008cd0       ___ascii_strnicmp          10009cd0 f   LIBCMT:_strnicm.obj
 0001:00008d31       ___initconout              10009d31 f   LIBCMT:initcon.obj
 0001:00008d50       ___termcon                 10009d50 f   LIBCMT:initcon.obj
 0001:00008d90       _strchr                    10009d90 f   LIBCMT:strchr.obj
 0001:00008d96       ___from_strstr_to_strchr   10009d96     LIBCMT:strchr.obj
 0001:00008e4e       _RtlUnwind@16              10009e4e f   kernel32:KERNEL32.dll
 0002:00000000       __imp__RaiseException@16   1000a000     kernel32:KERNEL32.dll
 0002:00000004       __imp__GetCurrentThreadId@0 1000a004     kernel32:KERNEL32.dll
 0002:00000008       __imp__GetCommandLineA@0   1000a008     kernel32:KERNEL32.dll
 0002:0000000c       __imp__UnhandledExceptionFilter@4 1000a00c     kernel32:KERNEL32.dll
 0002:00000010       __imp__SetUnhandledExceptionFilter@4 1000a010     kernel32:KERNEL32.dll
 0002:00000014       __imp__WriteFile@20        1000a014     kernel32:KERNEL32.dll
 0002:00000018       __imp__GetStdHandle@4      1000a018     kernel32:KERNEL32.dll
 0002:0000001c       __imp__GetModuleFileNameA@12 1000a01c     kernel32:KERNEL32.dll
 0002:00000020       __imp__GetModuleHandleW@4  1000a020     kernel32:KERNEL32.dll
 0002:00000024       __imp__GetProcAddress@8    1000a024     kernel32:KERNEL32.dll
 0002:00000028       __imp__TlsGetValue@4       1000a028     kernel32:KERNEL32.dll
 0002:0000002c       __imp__TlsAlloc@0          1000a02c     kernel32:KERNEL32.dll
 0002:00000030       __imp__TlsSetValue@8       1000a030     kernel32:KERNEL32.dll
 0002:00000034       __imp__TlsFree@4           1000a034     kernel32:KERNEL32.dll
 0002:00000038       __imp__InterlockedIncrement@4 1000a038     kernel32:KERNEL32.dll
 0002:0000003c       __imp__SetLastError@4      1000a03c     kernel32:KERNEL32.dll
 0002:00000040       __imp__GetLastError@0      1000a040     kernel32:KERNEL32.dll
 0002:00000044       __imp__InterlockedDecrement@4 1000a044     kernel32:KERNEL32.dll
 0002:00000048       __imp__EnterCriticalSection@4 1000a048     kernel32:KERNEL32.dll
 0002:0000004c       __imp__LeaveCriticalSection@4 1000a04c     kernel32:KERNEL32.dll
 0002:00000050       __imp__TerminateProcess@8  1000a050     kernel32:KERNEL32.dll
 0002:00000054       __imp__GetCurrentProcess@0 1000a054     kernel32:KERNEL32.dll
 0002:00000058       __imp__IsDebuggerPresent@0 1000a058     kernel32:KERNEL32.dll
 0002:0000005c       __imp__HeapFree@12         1000a05c     kernel32:KERNEL32.dll
 0002:00000060       __imp__Sleep@4             1000a060     kernel32:KERNEL32.dll
 0002:00000064       __imp__ExitProcess@4       1000a064     kernel32:KERNEL32.dll
 0002:00000068       __imp__SetHandleCount@4    1000a068     kernel32:KERNEL32.dll
 0002:0000006c       __imp__GetFileType@4       1000a06c     kernel32:KERNEL32.dll
 0002:00000070       __imp__GetStartupInfoA@4   1000a070     kernel32:KERNEL32.dll
 0002:00000074       __imp__DeleteCriticalSection@4 1000a074     kernel32:KERNEL32.dll
 0002:00000078       __imp__FreeEnvironmentStringsA@4 1000a078     kernel32:KERNEL32.dll
 0002:0000007c       __imp__GetEnvironmentStrings@0 1000a07c     kernel32:KERNEL32.dll
 0002:00000080       __imp__FreeEnvironmentStringsW@4 1000a080     kernel32:KERNEL32.dll
 0002:00000084       __imp__WideCharToMultiByte@32 1000a084     kernel32:KERNEL32.dll
 0002:00000088       __imp__GetEnvironmentStringsW@0 1000a088     kernel32:KERNEL32.dll
 0002:0000008c       __imp__HeapCreate@12       1000a08c     kernel32:KERNEL32.dll
 0002:00000090       __imp__HeapDestroy@4       1000a090     kernel32:KERNEL32.dll
 0002:00000094       __imp__VirtualFree@12      1000a094     kernel32:KERNEL32.dll
 0002:00000098       __imp__QueryPerformanceCounter@4 1000a098     kernel32:KERNEL32.dll
 0002:0000009c       __imp__GetTickCount@0      1000a09c     kernel32:KERNEL32.dll
 0002:000000a0       __imp__GetCurrentProcessId@0 1000a0a0     kernel32:KERNEL32.dll
 0002:000000a4       __imp__GetSystemTimeAsFileTime@4 1000a0a4     kernel32:KERNEL32.dll
 0002:000000a8       __imp__HeapAlloc@12        1000a0a8     kernel32:KERNEL32.dll
 0002:000000ac       __imp__RtlUnwind@16        1000a0ac     kernel32:KERNEL32.dll
 0002:000000b0       __imp__LoadLibraryA@4      1000a0b0     kernel32:KERNEL32.dll
 0002:000000b4       __imp__GetCPInfo@8         1000a0b4     kernel32:KERNEL32.dll
 0002:000000b8       __imp__GetACP@0            1000a0b8     kernel32:KERNEL32.dll
 0002:000000bc       __imp__GetOEMCP@0          1000a0bc     kernel32:KERNEL32.dll
 0002:000000c0       __imp__IsValidCodePage@4   1000a0c0     kernel32:KERNEL32.dll
 0002:000000c4       __imp__GetLocaleInfoA@16   1000a0c4     kernel32:KERNEL32.dll
 0002:000000c8       __imp__VirtualAlloc@16     1000a0c8     kernel32:KERNEL32.dll
 0002:000000cc       __imp__HeapReAlloc@16      1000a0cc     kernel32:KERNEL32.dll
 0002:000000d0       __imp__InitializeCriticalSectionAndSpinCount@8 1000a0d0     kernel32:KERNEL32.dll
 0002:000000d4       __imp__GetStringTypeA@20   1000a0d4     kernel32:KERNEL32.dll
 0002:000000d8       __imp__MultiByteToWideChar@24 1000a0d8     kernel32:KERNEL32.dll
 0002:000000dc       __imp__GetStringTypeW@16   1000a0dc     kernel32:KERNEL32.dll
 0002:000000e0       __imp__LCMapStringA@24     1000a0e0     kernel32:KERNEL32.dll
 0002:000000e4       __imp__LCMapStringW@24     1000a0e4     kernel32:KERNEL32.dll
 0002:000000e8       __imp__GetConsoleCP@0      1000a0e8     kernel32:KERNEL32.dll
 0002:000000ec       __imp__GetConsoleMode@8    1000a0ec     kernel32:KERNEL32.dll
 0002:000000f0       __imp__FlushFileBuffers@4  1000a0f0     kernel32:KERNEL32.dll
 0002:000000f4       __imp__SetFilePointer@16   1000a0f4     kernel32:KERNEL32.dll
 0002:000000f8       __imp__HeapSize@12         1000a0f8     kernel32:KERNEL32.dll
 0002:000000fc       __imp__CloseHandle@4       1000a0fc     kernel32:KERNEL32.dll
 0002:00000100       __imp__WriteConsoleA@20    1000a100     kernel32:KERNEL32.dll
 0002:00000104       __imp__GetConsoleOutputCP@0 1000a104     kernel32:KERNEL32.dll
 0002:00000108       __imp__WriteConsoleW@20    1000a108     kernel32:KERNEL32.dll
 0002:0000010c       __imp__SetStdHandle@8      1000a10c     kernel32:KERNEL32.dll
 0002:00000110       __imp__CreateFileA@28      1000a110     kernel32:KERNEL32.dll
 0002:00000114       \177KERNEL32_NULL_THUNK_DATA 1000a114     kernel32:KERNEL32.dll
 0002:00000118       ___xc_a                    1000a118     LIBCMT:crt0init.obj
 0002:0000011c       ___xc_z                    1000a11c     LIBCMT:crt0init.obj
 0002:00000120       ___xi_a                    1000a120     LIBCMT:crt0init.obj
 0002:00000134       ___xi_z                    1000a134     LIBCMT:crt0init.obj
 0002:00000138       ___xp_a                    1000a138     LIBCMT:crt0init.obj
 0002:00000144       ___xp_z                    1000a144     LIBCMT:crt0init.obj
 0002:00000148       ___xt_a                    1000a148     LIBCMT:crt0init.obj
 0002:0000014c       ___xt_z                    1000a14c     LIBCMT:crt0init.obj
 0002:000002a0       ??_7CSimpleClass@@6B@      1000a2a0     mydll.obj
 0002:000002c0       ??_C@_0P@GHFPNOJB@bad?5allocation?$AA@ 1000a2c0     LIBCMT:typinfo.obj
 0002:000002d4       ??_7type_info@@6B@         1000a2d4     LIBCMT:typinfo.obj
 0002:000002f8       __pRawDllMain              1000a2f8     LIBCMT:dllcrt0.obj
 0002:000002f8       __pDefaultRawDllMain       1000a2f8     LIBCMT:dllcrt0.obj
 0002:000002fc       ??_C@_0P@GGKDKEEG@runtime?5error?5?$AA@ 1000a2fc     LIBCMT:crt0msg.obj
 0002:0000030c       ??_C@_02PCIJFNDE@?$AN?6?$AA@ 1000a30c     LIBCMT:crt0msg.obj
 0002:00000310       ??_C@_0O@MJNIPGOH@TLOSS?5error?$AN?6?$AA@ 1000a310     LIBCMT:crt0msg.obj
 0002:00000320       ??_C@_0N@BONNPDHF@SING?5error?$AN?6?$AA@ 1000a320     LIBCMT:crt0msg.obj
 0002:00000330       ??_C@_0P@MBDAJNE@DOMAIN?5error?$AN?6?$AA@ 1000a330     LIBCMT:crt0msg.obj
 0002:00000340       ??_C@_0JL@DFDOOABL@R6034?$AN?6An?5application?5has?5made?5a@ 1000a340     LIBCMT:crt0msg.obj
 0002:000003e0       ??_C@_0PH@EPAFIJ@R6033?$AN?6?9?5Attempt?5to?5use?5MSIL?5cod@ 1000a3e0     LIBCMT:crt0msg.obj
 0002:000004d8       ??_C@_0DD@BKEEABMM@R6032?$AN?6?9?5not?5enough?5space?5for?5lo@ 1000a4d8     LIBCMT:crt0msg.obj
 0002:00000510       ??_C@_0GD@OFKILIED@R6031?$AN?6?9?5Attempt?5to?5initialize?5t@ 1000a510     LIBCMT:crt0msg.obj
 0002:00000574       ??_C@_0BP@LPMHJOKI@R6030?$AN?6?9?5CRT?5not?5initialized?$AN?6?$AA@ 1000a574     LIBCMT:crt0msg.obj
 0002:00000594       ??_C@_0CF@KJDAIALP@R6028?$AN?6?9?5unable?5to?5initialize?5he@ 1000a594     LIBCMT:crt0msg.obj
 0002:000005bc       ??_C@_0DF@GAKBPDFP@R6027?$AN?6?9?5not?5enough?5space?5for?5lo@ 1000a5bc     LIBCMT:crt0msg.obj
 0002:000005f4       ??_C@_0DF@IBLNNAIG@R6026?$AN?6?9?5not?5enough?5space?5for?5st@ 1000a5f4     LIBCMT:crt0msg.obj
 0002:0000062c       ??_C@_0CG@IOHKGFNJ@R6025?$AN?6?9?5pure?5virtual?5function?5c@ 1000a62c     LIBCMT:crt0msg.obj
 0002:00000654       ??_C@_0DF@JIJJFJDC@R6024?$AN?6?9?5not?5enough?5space?5for?5_o@ 1000a654     LIBCMT:crt0msg.obj
 0002:0000068c       ??_C@_0CJ@EGEJHFME@R6019?$AN?6?9?5unable?5to?5open?5console?5@ 1000a68c     LIBCMT:crt0msg.obj
 0002:000006b8       ??_C@_0CB@GNHNIELH@R6018?$AN?6?9?5unexpected?5heap?5error?$AN?6@ 1000a6b8     LIBCMT:crt0msg.obj
 0002:000006dc       ??_C@_0CN@FOLDKNG@R6017?$AN?6?9?5unexpected?5multithread?5@ 1000a6dc     LIBCMT:crt0msg.obj
 0002:0000070c       ??_C@_0CM@FAHFJNHO@R6016?$AN?6?9?5not?5enough?5space?5for?5th@ 1000a70c     LIBCMT:crt0msg.obj
 0002:00000738       ??_C@_0JG@LBKMGKLD@?$AN?6This?5application?5has?5requested@ 1000a738     LIBCMT:crt0msg.obj
 0002:000007d0       ??_C@_0CM@FLCNIPKK@R6009?$AN?6?9?5not?5enough?5space?5for?5en@ 1000a7d0     LIBCMT:crt0msg.obj
 0002:000007fc       ??_C@_0CK@KMMJOAPP@R6008?$AN?6?9?5not?5enough?5space?5for?5ar@ 1000a7fc     LIBCMT:crt0msg.obj
 0002:00000828       ??_C@_0CN@LEKKICBM@R6002?$AN?6?9?5floating?5point?5support?5@ 1000a828     LIBCMT:crt0msg.obj
 0002:00000858       ??_C@_0CF@GOGNBNAK@Microsoft?5Visual?5C?$CL?$CL?5Runtime?5Lib@ 1000a858     LIBCMT:crt0msg.obj
 0002:00000880       ??_C@_02PHMGELLB@?6?6?$AA@ 1000a880     LIBCMT:crt0msg.obj
 0002:00000884       ??_C@_03KHICJKCI@?4?4?4?$AA@ 1000a884     LIBCMT:crt0msg.obj
 0002:00000888       ??_C@_0BH@DNAGHKFM@?$DMprogram?5name?5unknown?$DO?$AA@ 1000a888     LIBCMT:crt0msg.obj
 0002:000008a0       ??_C@_0BK@OFGJDLJJ@Runtime?5Error?$CB?6?6Program?3?5?$AA@ 1000a8a0     LIBCMT:crt0msg.obj
 0002:000008bc       ??_C@_0O@NLDKAIKN@EncodePointer?$AA@ 1000a8bc     LIBCMT:tidtable.obj
 0002:000008cc       ??_C@_1BK@DBDEIDLH@?$AAK?$AAE?$AAR?$AAN?$AAE?$AAL?$AA3?$AA2?$AA?4?$AAD?$AAL?$AAL?$AA?$AA@ 1000a8cc     LIBCMT:tidtable.obj
 0002:000008e8       ??_C@_0O@KBPMFGHI@DecodePointer?$AA@ 1000a8e8     LIBCMT:tidtable.obj
 0002:000008f8       ??_C@_07PEJMOBNF@FlsFree?$AA@ 1000a8f8     LIBCMT:tidtable.obj
 0002:00000900       ??_C@_0M@JCPCPOEF@FlsSetValue?$AA@ 1000a900     LIBCMT:tidtable.obj
 0002:0000090c       ??_C@_0M@GDNOONDI@FlsGetValue?$AA@ 1000a90c     LIBCMT:tidtable.obj
 0002:00000918       ??_C@_08KNHFBNJ@FlsAlloc?$AA@ 1000a918     LIBCMT:tidtable.obj
 0002:00000924       ??_C@_1O@CEDCILHN@?$AA?$CI?$AAn?$AAu?$AAl?$AAl?$AA?$CJ?$AA?$AA@ 1000a924     LIBCMT:output.obj
 0002:00000934       ??_C@_06OJHGLDPL@?$CInull?$CJ?$AA@ 1000a934     LIBCMT:output.obj
 0002:00000940       ___lookuptable             1000a940     LIBCMT:output.obj
 0002:0000099c       ??_C@_0P@MIGLKIOC@CorExitProcess?$AA@ 1000a99c     LIBCMT:crt0dat.obj
 0002:000009ac       ??_C@_1BI@BGOHAHKC@?$AAm?$AAs?$AAc?$AAo?$AAr?$AAe?$AAe?$AA?4?$AAd?$AAl?$AAl?$AA?$AA@ 1000a9ac     LIBCMT:crt0dat.obj
 0002:000009c8       __XcptActTab               1000a9c8     LIBCMT:winxfltr.obj
 0002:00000a40       ??_C@_0BK@CFCOFLF@?5Complete?5Object?5Locator?8?$AA@ 1000aa40     LIBCMT:undname.obj
 0002:00000a5c       ??_C@_0BN@MECKDCOJ@?5Class?5Hierarchy?5Descriptor?8?$AA@ 1000aa5c     LIBCMT:undname.obj
 0002:00000a7c       ??_C@_0BD@LGICGFMM@?5Base?5Class?5Array?8?$AA@ 1000aa7c     LIBCMT:undname.obj
 0002:00000a90       ??_C@_0BM@LDKODKLH@?5Base?5Class?5Descriptor?5at?5?$CI?$AA@ 1000aa90     LIBCMT:undname.obj
 0002:00000aac       ??_C@_0BC@DAFEJGAK@?5Type?5Descriptor?8?$AA@ 1000aaac     LIBCMT:undname.obj
 0002:00000ac0       ??_C@_0BM@PMGGMLDN@?$GAlocal?5static?5thread?5guard?8?$AA@ 1000aac0     LIBCMT:undname.obj
 0002:00000adc       ??_C@_0CL@FGIJHLCE@?$GAmanaged?5vector?5copy?5constructor@ 1000aadc     LIBCMT:undname.obj
 0002:00000b08       ??_C@_0CJ@GJELGAMM@?$GAvector?5vbase?5copy?5constructor?5i@ 1000ab08     LIBCMT:undname.obj
 0002:00000b34       ??_C@_0CD@CGAJBKEJ@?$GAvector?5copy?5constructor?5iterato@ 1000ab34     LIBCMT:undname.obj
 0002:00000b58       ??_C@_0CB@PDBIFEP@?$GAdynamic?5atexit?5destructor?5for?5?8@ 1000ab58     LIBCMT:undname.obj
 0002:00000b7c       ??_C@_0BL@CLIPGLGB@?$GAdynamic?5initializer?5for?5?8?$AA@ 1000ab7c     LIBCMT:undname.obj
 0002:00000b98       ??_C@_0CM@FCBBDIGB@?$GAeh?5vector?5vbase?5copy?5constructo@ 1000ab98     LIBCMT:undname.obj
 0002:00000bc4       ??_C@_0CG@HLDDJMAG@?$GAeh?5vector?5copy?5constructor?5iter@ 1000abc4     LIBCMT:undname.obj
 0002:00000bec       ??_C@_0CF@IMGKMJNO@?$GAmanaged?5vector?5destructor?5itera@ 1000abec     LIBCMT:undname.obj
 0002:00000c14       ??_C@_0CG@CFDHKGGD@?$GAmanaged?5vector?5constructor?5iter@ 1000ac14     LIBCMT:undname.obj
 0002:00000c3c       ??_C@_0BN@CKNJLHMB@?$GAplacement?5delete?$FL?$FN?5closure?8?$AA@ 1000ac3c     LIBCMT:undname.obj
 0002:00000c5c       ??_C@_0BL@CNOONJFP@?$GAplacement?5delete?5closure?8?$AA@ 1000ac5c     LIBCMT:undname.obj
 0002:00000c78       ??_C@_0P@HJKNJFNN@?$GAomni?5callsig?8?$AA@ 1000ac78     LIBCMT:undname.obj
 0002:00000c88       ??_C@_09LBNFPBCA@?5delete?$FL?$FN?$AA@ 1000ac88     LIBCMT:undname.obj
 0002:00000c94       ??_C@_06FHBGPFGH@?5new?$FL?$FN?$AA@ 1000ac94     LIBCMT:undname.obj
 0002:00000c9c       ??_C@_0CE@IIHCMGGL@?$GAlocal?5vftable?5constructor?5closu@ 1000ac9c     LIBCMT:undname.obj
 0002:00000cc0       ??_C@_0BA@KKLDJDLB@?$GAlocal?5vftable?8?$AA@ 1000acc0     LIBCMT:undname.obj
 0002:00000cd0       ??_C@_05KHLCHHI@?$GARTTI?$AA@ 1000acd0     LIBCMT:undname.obj
 0002:00000cd8       ??_C@_03KLGMFNMG@?$GAEH?$AA@ 1000acd8     LIBCMT:undname.obj
 0002:00000cdc       ??_C@_0BA@KBCDOMBN@?$GAudt?5returning?8?$AA@ 1000acdc     LIBCMT:undname.obj
 0002:00000cec       ??_C@_0BL@LLKPOHJI@?$GAcopy?5constructor?5closure?8?$AA@ 1000acec     LIBCMT:undname.obj
 0002:00000d08       ??_C@_0CH@OOJPLCPH@?$GAeh?5vector?5vbase?5constructor?5ite@ 1000ad08     LIBCMT:undname.obj
 0002:00000d30       ??_C@_0CA@GCEOPDGL@?$GAeh?5vector?5destructor?5iterator?8?$AA@ 1000ad30     LIBCMT:undname.obj
 0002:00000d50       ??_C@_0CB@JONCMFFK@?$GAeh?5vector?5constructor?5iterator?8@ 1000ad50     LIBCMT:undname.obj
 0002:00000d74       ??_C@_0BL@NILFHHPC@?$GAvirtual?5displacement?5map?8?$AA@ 1000ad74     LIBCMT:undname.obj
 0002:00000d90       ??_C@_0CE@IKBNEHA@?$GAvector?5vbase?5constructor?5iterat@ 1000ad90     LIBCMT:undname.obj
 0002:00000db4       ??_C@_0BN@LFPFMEDL@?$GAvector?5destructor?5iterator?8?$AA@ 1000adb4     LIBCMT:undname.obj
 0002:00000dd4       ??_C@_0BO@PFGOCPJJ@?$GAvector?5constructor?5iterator?8?$AA@ 1000add4     LIBCMT:undname.obj
 0002:00000df4       ??_C@_0BN@IMDCHIKM@?$GAscalar?5deleting?5destructor?8?$AA@ 1000adf4     LIBCMT:undname.obj
 0002:00000e14       ??_C@_0BO@OBMKPJIG@?$GAdefault?5constructor?5closure?8?$AA@ 1000ae14     LIBCMT:undname.obj
 0002:00000e34       ??_C@_0BN@DEGPLNFK@?$GAvector?5deleting?5destructor?8?$AA@ 1000ae34     LIBCMT:undname.obj
 0002:00000e54       ??_C@_0BD@JDLKDPAB@?$GAvbase?5destructor?8?$AA@ 1000ae54     LIBCMT:undname.obj
 0002:00000e68       ??_C@_08OBABFOLI@?$GAstring?8?$AA@ 1000ae68     LIBCMT:undname.obj
 0002:00000e74       ??_C@_0BF@KDPPACIK@?$GAlocal?5static?5guard?8?$AA@ 1000ae74     LIBCMT:undname.obj
 0002:00000e8c       ??_C@_08LLFFHHDJ@?$GAtypeof?8?$AA@ 1000ae8c     LIBCMT:undname.obj
 0002:00000e98       ??_C@_07FEEIOKP@?$GAvcall?8?$AA@ 1000ae98     LIBCMT:undname.obj
 0002:00000ea0       ??_C@_09BLBHBJP@?$GAvbtable?8?$AA@ 1000aea0     LIBCMT:undname.obj
 0002:00000eac       ??_C@_09IFPLHPGF@?$GAvftable?8?$AA@ 1000aeac     LIBCMT:undname.obj
 0002:00000eb8       ??_C@_02MHEGNOJ@?$FO?$DN?$AA@ 1000aeb8     LIBCMT:undname.obj
 0002:00000ebc       ??_C@_02DHLNPPGH@?$HM?$DN?$AA@ 1000aebc     LIBCMT:undname.obj
 0002:00000ec0       ??_C@_02FGJGFEAB@?$CG?$DN?$AA@ 1000aec0     LIBCMT:undname.obj
 0002:00000ec4       ??_C@_03CDNPDDLA@?$DM?$DM?$DN?$AA@ 1000aec4     LIBCMT:undname.obj
 0002:00000ec8       ??_C@_03IKFCCPFF@?$DO?$DO?$DN?$AA@ 1000aec8     LIBCMT:undname.obj
 0002:00000ecc       ??_C@_02FENAOKFI@?$CF?$DN?$AA@ 1000aecc     LIBCMT:undname.obj
 0002:00000ed0       ??_C@_02FJEHGPIO@?1?$DN?$AA@ 1000aed0     LIBCMT:undname.obj
 0002:00000ed4       ??_C@_02FKMDLLOA@?9?$DN?$AA@ 1000aed4     LIBCMT:undname.obj
 0002:00000ed8       ??_C@_02FOEOMHFC@?$CL?$DN?$AA@ 1000aed8     LIBCMT:undname.obj
 0002:00000edc       ??_C@_02FPIMKNGF@?$CK?$DN?$AA@ 1000aedc     LIBCMT:undname.obj
 0002:00000ee0       ??_C@_02NONPIBCD@?$HM?$HM?$AA@ 1000aee0     LIBCMT:undname.obj
 0002:00000ee4       ??_C@_02PPKAJPJL@?$CG?$CG?$AA@ 1000aee4     LIBCMT:undname.obj
 0002:00000ee8       ??_C@_01DNKMNLPK@?$HM?$AA@ 1000aee8     LIBCMT:undname.obj
 0002:00000eec       ??_C@_01JKBOJNNK@?$FO?$AA@ 1000aeec     LIBCMT:undname.obj
 0002:00000ef0       ??_C@_01PJKLJHI@?$HO?$AA@  1000aef0     LIBCMT:undname.obj
 0002:00000ef4       ??_C@_02HCKGKOFO@?$CI?$CJ?$AA@ 1000aef4     LIBCMT:undname.obj
 0002:00000ef8       ??_C@_01IHBHIGKO@?0?$AA@   1000aef8     LIBCMT:undname.obj
 0002:00000efc       ??_C@_02EEKDKGMJ@?$DO?$DN?$AA@ 1000aefc     LIBCMT:undname.obj
 0002:00000f00       ??_C@_01PPODPGHN@?$DO?$AA@ 1000af00     LIBCMT:undname.obj
 0002:00000f04       ??_C@_02EHCHHCKH@?$DM?$DN?$AA@ 1000af04     LIBCMT:undname.obj
 0002:00000f08       ??_C@_01MNNFJEPP@?$DM?$AA@ 1000af08     LIBCMT:undname.obj
 0002:00000f0c       ??_C@_01FGNFDNOH@?$CF?$AA@ 1000af0c     LIBCMT:undname.obj
 0002:00000f10       ??_C@_01KMDKNFGN@?1?$AA@   1000af10     LIBCMT:undname.obj
 0002:00000f14       ??_C@_03MNHNFDLC@?9?$DO?$CK?$AA@ 1000af14     LIBCMT:undname.obj
 0002:00000f18       ??_C@_01HNPIGOCE@?$CG?$AA@ 1000af18     LIBCMT:undname.obj
 0002:00000f1c       ??_C@_01MIFGBAGJ@?$CL?$AA@ 1000af1c     LIBCMT:undname.obj
 0002:00000f20       ??_C@_01JOAMLHOP@?9?$AA@   1000af20     LIBCMT:undname.obj
 0002:00000f24       ??_C@_02BAABKJLB@?9?9?$AA@ 1000af24     LIBCMT:undname.obj
 0002:00000f28       ??_C@_02ECNGHCIF@?$CL?$CL?$AA@ 1000af28     LIBCMT:undname.obj
 0002:00000f2c       ??_C@_01NBENCBCI@?$CK?$AA@ 1000af2c     LIBCMT:undname.obj
 0002:00000f30       ??_C@_02HBOOOICD@?9?$DO?$AA@ 1000af30     LIBCMT:undname.obj
 0002:00000f34       ??_C@_08LHJFAFGD@operator?$AA@ 1000af34     LIBCMT:undname.obj
 0002:00000f40       ??_C@_02GPECMEKF@?$FL?$FN?$AA@ 1000af40     LIBCMT:undname.obj
 0002:00000f44       ??_C@_02FDNJECIE@?$CB?$DN?$AA@ 1000af44     LIBCMT:undname.obj
 0002:00000f48       ??_C@_02EGOFBIJA@?$DN?$DN?$AA@ 1000af48     LIBCMT:undname.obj
 0002:00000f4c       ??_C@_01DCLJPIOD@?$CB?$AA@ 1000af4c     LIBCMT:undname.obj
 0002:00000f50       ??_C@_02FODMEDOG@?$DM?$DM?$AA@ 1000af50     LIBCMT:undname.obj
 0002:00000f54       ??_C@_02GPIOPFAK@?$DO?$DO?$AA@ 1000af54     LIBCMT:undname.obj
 0002:00000f58       ??_C@_01NEMOKFLO@?$DN?$AA@ 1000af58     LIBCMT:undname.obj
 0002:00000f5c       ??_C@_07FPCDHGMM@?5delete?$AA@ 1000af5c     LIBCMT:undname.obj
 0002:00000f64       ??_C@_04NIHEBCM@?5new?$AA@ 1000af64     LIBCMT:undname.obj
 0002:00000f69       ??_C@_00CNPNBAHC@?$AA@     1000af69     LIBCMT:undname.obj
 0002:00000f6c       ??_C@_0M@GFIIJFMG@__unaligned?$AA@ 1000af6c     LIBCMT:undname.obj
 0002:00000f78       ??_C@_0L@PILCLIHE@__restrict?$AA@ 1000af78     LIBCMT:undname.obj
 0002:00000f84       ??_C@_07JOMMBBKO@__ptr64?$AA@ 1000af84     LIBCMT:undname.obj
 0002:00000f8c       ??_C@_09HIJEGCPM@__clrcall?$AA@ 1000af8c     LIBCMT:undname.obj
 0002:00000f98       ??_C@_0L@JMKHOMEK@__fastcall?$AA@ 1000af98     LIBCMT:undname.obj
 0002:00000fa4       ??_C@_0L@NPHFGOKO@__thiscall?$AA@ 1000afa4     LIBCMT:undname.obj
 0002:00000fb0       ??_C@_09IFJBGAPI@__stdcall?$AA@ 1000afb0     LIBCMT:undname.obj
 0002:00000fbc       ??_C@_08GHMPAG@__pascal?$AA@ 1000afbc     LIBCMT:undname.obj
 0002:00000fc8       ??_C@_07KOLFKCDI@__cdecl?$AA@ 1000afc8     LIBCMT:undname.obj
 0002:00000fd0       ??_C@_08EHJDFFNH@__based?$CI?$AA@ 1000afd0     LIBCMT:undname.obj
 0002:00001160       ??_C@_0BI@DFKBFLJE@GetProcessWindowStation?$AA@ 1000b160     LIBCMT:crtmbox.obj
 0002:00001178       ??_C@_0BK@CIDNPOGP@GetUserObjectInformationA?$AA@ 1000b178     LIBCMT:crtmbox.obj
 0002:00001194       ??_C@_0BD@HHGDFDBJ@GetLastActivePopup?$AA@ 1000b194     LIBCMT:crtmbox.obj
 0002:000011a8       ??_C@_0BA@HNOPNCHB@GetActiveWindow?$AA@ 1000b1a8     LIBCMT:crtmbox.obj
 0002:000011b8       ??_C@_0M@CHKKJDAI@MessageBoxA?$AA@ 1000b1b8     LIBCMT:crtmbox.obj
 0002:000011c4       ??_C@_0L@NDEGIDAG@USER32?4DLL?$AA@ 1000b1c4     LIBCMT:crtmbox.obj
 0002:00001250       ___lookuptable_s           1000b250     LIBCMT:outputs.obj
 0002:000012b8       ___newctype                1000b2b8     LIBCMT:ctype.obj
 0002:000015b8       __wctype                   1000b5b8     LIBCMT:ctype.obj
 0002:000017c0       ___newclmap                1000b7c0     LIBCMT:ctype.obj
 0002:00001940       ___newcumap                1000b940     LIBCMT:ctype.obj
 0002:00001ac0       ??_C@_08JCCMCCIL@HH?3mm?3ss?$AA@ 1000bac0     LIBCMT:strftime.obj
 0002:00001acc       ??_C@_0BE@CKGJFCPC@dddd?0?5MMMM?5dd?0?5yyyy?$AA@ 1000bacc     LIBCMT:strftime.obj
 0002:00001ae0       ??_C@_08BPBNCDIB@MM?1dd?1yy?$AA@ 1000bae0     LIBCMT:strftime.obj
 0002:00001aec       ??_C@_02CJNFDJBF@PM?$AA@   1000baec     LIBCMT:strftime.obj
 0002:00001af0       ??_C@_02DEDBPAFC@AM?$AA@   1000baf0     LIBCMT:strftime.obj
 0002:00001af4       ??_C@_08EDHMEBNP@December?$AA@ 1000baf4     LIBCMT:strftime.obj
 0002:00001b00       ??_C@_08HCHEGEOA@November?$AA@ 1000bb00     LIBCMT:strftime.obj
 0002:00001b0c       ??_C@_07JJNFCEND@October?$AA@ 1000bb0c     LIBCMT:strftime.obj
 0002:00001b14       ??_C@_09BHHEALKD@September?$AA@ 1000bb14     LIBCMT:strftime.obj
 0002:00001b20       ??_C@_06LBBHFDDG@August?$AA@ 1000bb20     LIBCMT:strftime.obj
 0002:00001b28       ??_C@_04MIEPOIFP@July?$AA@ 1000bb28     LIBCMT:strftime.obj
 0002:00001b30       ??_C@_04CNLMGBGM@June?$AA@ 1000bb30     LIBCMT:strftime.obj
 0002:00001b38       ??_C@_05DMJDNLEJ@April?$AA@ 1000bb38     LIBCMT:strftime.obj
 0002:00001b40       ??_C@_05HPCKOFNC@March?$AA@ 1000bb40     LIBCMT:strftime.obj
 0002:00001b48       ??_C@_08GNJGEPFN@February?$AA@ 1000bb48     LIBCMT:strftime.obj
 0002:00001b54       ??_C@_07CGJPFGJA@January?$AA@ 1000bb54     LIBCMT:strftime.obj
 0002:00001b5c       ??_C@_03MKABNOCG@Dec?$AA@  1000bb5c     LIBCMT:strftime.obj
 0002:00001b60       ??_C@_03JPJOFNIA@Nov?$AA@  1000bb60     LIBCMT:strftime.obj
 0002:00001b64       ??_C@_03BMAOKBAD@Oct?$AA@  1000bb64     LIBCMT:strftime.obj
 0002:00001b68       ??_C@_03GGCAPAJC@Sep?$AA@  1000bb68     LIBCMT:strftime.obj
 0002:00001b6c       ??_C@_03IFJFEIGA@Aug?$AA@  1000bb6c     LIBCMT:strftime.obj
 0002:00001b70       ??_C@_03LBGABGKK@Jul?$AA@  1000bb70     LIBCMT:strftime.obj
 0002:00001b74       ??_C@_03IDFGHECI@Jun?$AA@  1000bb74     LIBCMT:strftime.obj
 0002:00001b78       ??_C@_03CNMDKL@May?$AA@    1000bb78     LIBCMT:strftime.obj
 0002:00001b7c       ??_C@_03LEOLGMJP@Apr?$AA@  1000bb7c     LIBCMT:strftime.obj
 0002:00001b80       ??_C@_03ODNJBKGA@Mar?$AA@  1000bb80     LIBCMT:strftime.obj
 0002:00001b84       ??_C@_03HJBDCHOM@Feb?$AA@  1000bb84     LIBCMT:strftime.obj
 0002:00001b88       ??_C@_03JIHJHPIE@Jan?$AA@  1000bb88     LIBCMT:strftime.obj
 0002:00001b8c       ??_C@_08INBOOONO@Saturday?$AA@ 1000bb8c     LIBCMT:strftime.obj
 0002:00001b98       ??_C@_06JECMNKMI@Friday?$AA@ 1000bb98     LIBCMT:strftime.obj
 0002:00001ba0       ??_C@_08HACCIKIA@Thursday?$AA@ 1000bba0     LIBCMT:strftime.obj
 0002:00001bac       ??_C@_09DLIGFAKA@Wednesday?$AA@ 1000bbac     LIBCMT:strftime.obj
 0002:00001bb8       ??_C@_07BAAGCFCM@Tuesday?$AA@ 1000bbb8     LIBCMT:strftime.obj
 0002:00001bc0       ??_C@_06JLEDEDGH@Monday?$AA@ 1000bbc0     LIBCMT:strftime.obj
 0002:00001bc8       ??_C@_06OOPIFAJ@Sunday?$AA@ 1000bbc8     LIBCMT:strftime.obj
 0002:00001bd0       ??_C@_03FEFJNEK@Sat?$AA@   1000bbd0     LIBCMT:strftime.obj
 0002:00001bd4       ??_C@_03IDIOELNC@Fri?$AA@  1000bbd4     LIBCMT:strftime.obj
 0002:00001bd8       ??_C@_03IOFIKPDN@Thu?$AA@  1000bbd8     LIBCMT:strftime.obj
 0002:00001bdc       ??_C@_03MHOMLAJA@Wed?$AA@  1000bbdc     LIBCMT:strftime.obj
 0002:00001be0       ??_C@_03NAGEINEP@Tue?$AA@  1000bbe0     LIBCMT:strftime.obj
 0002:00001be4       ??_C@_03PDAGKDH@Mon?$AA@   1000bbe4     LIBCMT:strftime.obj
 0002:00001be8       ??_C@_03KOEHGMDN@Sun?$AA@  1000bbe8     LIBCMT:strftime.obj
 0002:00001bec       ??_C@_13NOLLCAOD@?$AA?$AA?$AA?$AA@ 1000bbec     LIBCMT:a_str.obj
 0002:00001bf0       ___dnames                  1000bbf0     LIBCMT:timeset.obj
 0002:00001c08       ___mnames                  1000bc08     LIBCMT:timeset.obj
 0002:00001c30       ??_C@_07GPDNMNG@CONOUT$?$AA@ 1000bc30     LIBCMT:initcon.obj
 0002:00001c38       __load_config_used         1000bc38     LIBCMT:loadcfg.obj
 0002:00001c80       ??_R4CSimpleClass@@6B@     1000bc80     mydll.obj
 0002:00001c94       ??_R3CSimpleClass@@8       1000bc94     mydll.obj
 0002:00001ca4       ??_R2CSimpleClass@@8       1000bca4     mydll.obj
 0002:00001cac       ??_R1A@?0A@EA@CSimpleClass@@8 1000bcac     mydll.obj
 0002:00001cc8       ??_R4type_info@@6B@        1000bcc8     LIBCMT:typinfo.obj
 0002:00001cdc       ??_R3type_info@@8          1000bcdc     LIBCMT:typinfo.obj
 0002:00001cec       ??_R2type_info@@8          1000bcec     LIBCMT:typinfo.obj
 0002:00001cf4       ??_R1A@?0A@EA@type_info@@8 1000bcf4     LIBCMT:typinfo.obj
 0002:00001d10       ___safe_se_handler_table   1000bd10     <linker-defined>
 0002:00001d1c       ___rtc_iaa                 1000bd1c     LIBCMT:_initsect_.obj
 0002:00001d20       ___rtc_izz                 1000bd20     LIBCMT:_initsect_.obj
 0002:00001d24       ___rtc_taa                 1000bd24     LIBCMT:_initsect_.obj
 0002:00001d28       ___rtc_tzz                 1000bd28     LIBCMT:_initsect_.obj
 0002:00001d30       __TI2PAD                   1000bd30     mydll.obj
 0002:00001d40       __TI1H                     1000bd40     mydll.obj
 0002:00001d50       __CTA1H                    1000bd50     mydll.obj
 0002:00001d58       __CT??_R0H@84              1000bd58     mydll.obj
 0002:00001d74       __CTA2PAD                  1000bd74     mydll.obj
 0002:00001d80       __CT??_R0PAD@84            1000bd80     mydll.obj
 0002:00001d9c       __CT??_R0PAX@84            1000bd9c     mydll.obj
 0002:0000218c       __IMPORT_DESCRIPTOR_KERNEL32 1000c18c     kernel32:KERNEL32.dll
 0002:000021a0       __NULL_IMPORT_DESCRIPTOR   1000c1a0     kernel32:KERNEL32.dll
 0003:00000000       ??_R0?AVCSimpleClass@@@8   1000d000     mydll.obj
 0003:0000001c       ??_R0H@8                   1000d01c     mydll.obj
 0003:00000028       ??_R0PAD@8                 1000d028     mydll.obj
 0003:00000038       ??_R0PAX@8                 1000d038     mydll.obj
 0003:0000004c       ??_R0?AVtype_info@@@8      1000d04c     LIBCMT:typinfo.obj
 0003:00000070       ___abort_behavior          1000d070     LIBCMT:abort.obj
 0003:00000130       ___flsindex                1000d130     LIBCMT:tidtable.obj
 0003:00000134       ___getvalueindex           1000d134     LIBCMT:tidtable.obj
 0003:00000138       __iob                      1000d138     LIBCMT:_file.obj
 0003:000003b8       ___nullstring              1000d3b8     LIBCMT:output.obj
 0003:000003bc       ___wnullstring             1000d3bc     LIBCMT:output.obj
 0003:00000530       ___security_cookie         1000d530     LIBCMT:gs_cookie.obj
 0003:00000534       ___security_cookie_complement 1000d534     LIBCMT:gs_cookie.obj
 0003:00000538       __aexit_rtn                1000d538     LIBCMT:crt0dat.obj
 0003:00000540       ___badioinfo               1000d540     LIBCMT:ioinit.obj
 0003:00000580       __amblksiz                 1000d580     LIBCMT:heapinit.obj
 0003:00000584       __First_FPE_Indx           1000d584     LIBCMT:winxfltr.obj
 0003:00000588       __Num_FPE                  1000d588     LIBCMT:winxfltr.obj
 0003:0000058c       __XcptActTabSize           1000d58c     LIBCMT:winxfltr.obj
 0003:00000590       __XcptActTabCount          1000d590     LIBCMT:winxfltr.obj
 0003:000006c8       ___clocalestr              1000d6c8     LIBCMT:nlsdata2.obj
 0003:000006d0       ___initiallocinfo          1000d6d0     LIBCMT:nlsdata2.obj
 0003:000007a8       ___ptlocinfo               1000d7a8     LIBCMT:nlsdata2.obj
 0003:000007ac       ___lc_clike                1000d7ac     LIBCMT:nlsdata2.obj
 0003:000007b0       ___initiallocalestructinfo 1000d7b0     LIBCMT:nlsdata2.obj
 0003:000007b8       ___initialmbcinfo          1000d7b8     LIBCMT:mbctype.obj
 0003:000009d8       __mbctype                  1000d9d8     LIBCMT:mbctype.obj
 0003:00000ae0       __mbcasemap                1000dae0     LIBCMT:mbctype.obj
 0003:00000be0       ___ptmbcinfo               1000dbe0     LIBCMT:mbctype.obj
 0003:00000cd8       ___globallocalestatus      1000dcd8     LIBCMT:glstatus.obj
 0003:00000cdc       __cfltcvt_tab              1000dcdc     LIBCMT:cmiscdat.obj
 0003:00000d10       __NLG_Destination          1000dd10     LIBCMT:exsup.obj
 0003:00000d20       __pctype                   1000dd20     LIBCMT:ctype.obj
 0003:00000d24       __pwctype                  1000dd24     LIBCMT:ctype.obj
 0003:00000d28       ___lc_time_c               1000dd28     LIBCMT:strftime.obj
 0003:00000de0       ___lc_time_curr            1000dde0     LIBCMT:strftime.obj
 0003:00000de4       ___lconv_static_decimal    1000dde4     LIBCMT:lconv.obj
 0003:00000de8       ___lconv_c                 1000dde8     LIBCMT:lconv.obj
 0003:00000e18       ___lconv                   1000de18     LIBCMT:lconv.obj
 0003:00000e1c       ___mb_cur_max              1000de1c     LIBCMT:nlsdata1.obj
 0003:00000e20       ___decimal_point           1000de20     LIBCMT:nlsdata1.obj
 0003:00000e24       ___decimal_point_length    1000de24     LIBCMT:nlsdata1.obj
 0003:00000e30       __timezone                 1000de30     LIBCMT:timeset.obj
 0003:00000e34       __daylight                 1000de34     LIBCMT:timeset.obj
 0003:00000e38       __dstbias                  1000de38     LIBCMT:timeset.obj
 0003:00000ec0       __tzname                   1000dec0     LIBCMT:timeset.obj
 0003:00000ee4       __lpdays                   1000dee4     LIBCMT:days.obj
 0003:00000f18       __days                     1000df18     LIBCMT:days.obj
 0003:00000f50       __coninpfh                 1000df50     LIBCMT:initcon.obj
 0003:00000f54       __confh                    1000df54     LIBCMT:initcon.obj
 0003:00000f68       __aenvptr                  1000df68     LIBCMT:dllcrt0.obj
 0003:00000f6c       __wenvptr                  1000df6c     LIBCMT:dllcrt0.obj
 0003:00000f70       ___error_mode              1000df70     LIBCMT:dllcrt0.obj
 0003:00000f74       ___app_type                1000df74     LIBCMT:dllcrt0.obj
 0003:00001294       _gpFlsAlloc                1000e294     LIBCMT:tidtable.obj
 0003:00001298       _gpFlsGetValue             1000e298     LIBCMT:tidtable.obj
 0003:0000129c       _gpFlsSetValue             1000e29c     LIBCMT:tidtable.obj
 0003:000012a0       _gpFlsFree                 1000e2a0     LIBCMT:tidtable.obj
 0003:000012ac       ___pPurecall               1000e2ac     LIBCMT:inithelp.obj
 0003:000012b0       __cflush                   1000e2b0     LIBCMT:_file.obj
 0003:000012b4       __stdbuf                   1000e2b4     LIBCMT:_sftbuf.obj
 0003:000012bc       ___pInvalidArgHandler      1000e2bc     LIBCMT:invarg.obj
 0003:000012c0       __maxwait                  1000e2c0     LIBCMT:crtheap.obj
 0003:000012c4       __umaskval                 1000e2c4     LIBCMT:crt0dat.obj
 0003:000012c8       ___argc                    1000e2c8     LIBCMT:crt0dat.obj
 0003:000012cc       ___argv                    1000e2cc     LIBCMT:crt0dat.obj
 0003:000012d0       ___wargv                   1000e2d0     LIBCMT:crt0dat.obj
 0003:000012d4       __environ                  1000e2d4     LIBCMT:crt0dat.obj
 0003:000012d8       ___initenv                 1000e2d8     LIBCMT:crt0dat.obj
 0003:000012dc       __wenviron                 1000e2dc     LIBCMT:crt0dat.obj
 0003:000012e0       ___winitenv                1000e2e0     LIBCMT:crt0dat.obj
 0003:000012e4       __pgmptr                   1000e2e4     LIBCMT:crt0dat.obj
 0003:000012e8       __wpgmptr                  1000e2e8     LIBCMT:crt0dat.obj
 0003:000012ec       __exitflag                 1000e2ec     LIBCMT:crt0dat.obj
 0003:000012f0       __C_Termination_Done       1000e2f0     LIBCMT:crt0dat.obj
 0003:000012f4       __C_Exit_Done              1000e2f4     LIBCMT:crt0dat.obj
 0003:00001404       __crtheap                  1000e404     LIBCMT:heapinit.obj
 0003:0000156c       ?pArgList@UnDecorator@@0PAVReplicator@@A 1000e56c     LIBCMT:undname.obj
 0003:00001570       ?pZNameList@UnDecorator@@0PAVReplicator@@A 1000e570     LIBCMT:undname.obj
 0003:00001574       ?pTemplateArgList@UnDecorator@@0PAVReplicator@@A 1000e574     LIBCMT:undname.obj
 0003:00001578       ?gName@UnDecorator@@0PBDB  1000e578     LIBCMT:undname.obj
 0003:0000157c       ?name@UnDecorator@@0PBDB   1000e57c     LIBCMT:undname.obj
 0003:00001580       ?outputString@UnDecorator@@0PADA 1000e580     LIBCMT:undname.obj
 0003:00001584       ?maxStringLength@UnDecorator@@0HA 1000e584     LIBCMT:undname.obj
 0003:00001588       ?disableFlags@UnDecorator@@0KA 1000e588     LIBCMT:undname.obj
 0003:0000158c       ?m_pGetParameter@UnDecorator@@0P6APADJ@ZA 1000e58c     LIBCMT:undname.obj
 0003:00001590       ?fExplicitTemplateParams@UnDecorator@@0_NA 1000e590     LIBCMT:undname.obj
 0003:00001591       ?fGetTemplateArgumentList@UnDecorator@@0_NA 1000e591     LIBCMT:undname.obj
 0003:000015bc       ___locale_changed          1000e5bc     LIBCMT:setlocal.obj
 0003:000015c0       ___lc_handle               1000e5c0     LIBCMT:nlsdata2.obj
 0003:000015d8       ___lc_codepage             1000e5d8     LIBCMT:nlsdata2.obj
 0003:000015dc       ___lc_collate_cp           1000e5dc     LIBCMT:nlsdata2.obj
 0003:000015e4       ___mbulinfo                1000e5e4     LIBCMT:mbctype.obj
 0003:000015f0       ___mbcodepage              1000e5f0     LIBCMT:mbctype.obj
 0003:000015f4       ___ismbcodepage            1000e5f4     LIBCMT:mbctype.obj
 0003:000015f8       ___mblcid                  1000e5f8     LIBCMT:mbctype.obj
 0003:000015fc       ___sbh_pHeaderDefer        1000e5fc     LIBCMT:sbheap.obj
 0003:00001600       ?__pInconsistency@@3P6AXXZA 1000e600     LIBCMT:hooks.obj
 0003:0000160c       ?_pnhHeap@@3P6AHI@ZA       1000e60c     LIBCMT:handler.obj
 0003:00001610       __newmode                  1000e610     LIBCMT:_newmode.obj
 0003:0000193c       ___lconv_static_null       1000e93c     LIBCMT:lconv.obj
 0003:00001a00       ___sse2_available          1000ea00     <common>
 0003:00001a04       ___sbh_cntHeaderList       1000ea04     <common>
 0003:00001a08       ___sbh_pHeaderList         1000ea08     <common>
 0003:00001a0c       ___sbh_threshold           1000ea0c     <common>
 0003:00001a10       ___sbh_pHeaderScan         1000ea10     <common>
 0003:00001a14       ___sbh_sizeHeaderList      1000ea14     <common>
 0003:00001a18       ___sbh_indGroupDefer       1000ea18     <common>
 0003:00001a1c       __debugger_hook_dummy      1000ea1c     <common>
 0003:00001a20       ___active_heap             1000ea20     <common>
 0003:00001a24       __nhandle                  1000ea24     <common>
 0003:00001a40       ___pioinfo                 1000ea40     <common>
 0003:00001b40       ___env_initialized         1000eb40     <common>
 0003:00001b44       ___onexitend               1000eb44     <common>
 0003:00001b48       ___onexitbegin             1000eb48     <common>
 0003:00001b4c       ___mbctype_initialized     1000eb4c     <common>
 0003:00001b50       __FPinit                   1000eb50     <common>
 0003:00001b54       ___dyn_tls_init_callback   1000eb54     <common>
 0003:00001b58       __pDestructExceptionObject 1000eb58     <common>
 0003:00001b5c       ___piob                    1000eb5c     <common>
 0003:00001b60       __bufin                    1000eb60     <common>
 0003:00002b60       __nstream                  1000fb60     <common>
 0003:00002b64       __acmdln                   1000fb64     <common>

 entry point at        0001:0000068a

 Static symbols

 0001:00000594       ___DllMainCRTStartup       10001594 f   LIBCMT:dllcrt0.obj
 0001:000013fa       _write_char                100023fa f   LIBCMT:output.obj
 0001:0000142d       _write_multi_char          1000242d f   LIBCMT:output.obj
 0001:00001453       _write_string              10002453 f   LIBCMT:output.obj
 0001:00002627       __initterm                 10003627 f   LIBCMT:crt0dat.obj
 0001:000026ed       _doexit                    100036ed f   LIBCMT:crt0dat.obj
 0001:00002c0c       _parse_cmdline             10003c0c f   LIBCMT:stdargv.obj
 0001:000036f4       __unwind_handler4          100046f4 f   LIBCMT:exsup4.obj
 0001:00003858       _siglookup                 10004858 f   LIBCMT:winsig.obj
 0001:00003fa9       __updatetlocinfoEx_nolock  10004fa9 f   LIBCMT:setlocal.obj
 0001:0000405d       ?CPtoLCID@@YAHH@Z          1000505d f   LIBCMT:mbctype.obj
 0001:0000408c       ?setSBCS@@YAXPAUthreadmbcinfostruct@@@Z 1000508c f   LIBCMT:mbctype.obj
 0001:000040f0       ?setSBUpLow@@YAXPAUthreadmbcinfostruct@@@Z 100050f0 f   LIBCMT:mbctype.obj
 0001:00004327       ?getSystemCP@@YAHH@Z       10005327 f   LIBCMT:mbctype.obj
 0001:000048af       _flsall                    100058af f   LIBCMT:fflush.obj
 0001:00005d7a       __onexit_nolock            10006d7a f   LIBCMT:onexit.obj
 0001:00005fb7       ?x_ismbbtype_l@@YAHPAUlocaleinfo_struct@@IHH@Z 10006fb7 f   LIBCMT:ismbbyte.obj
 0001:0000640c       __unwind_handler           1000740c f   LIBCMT:exsup.obj
 0001:00006523       _fastzero_I                10007523 f   LIBCMT:p4_memset.obj
 0001:00006609       _has_osfxsr_set            10007609 f   LIBCMT:cpu_disp.obj
 0001:00006a86       ?__crtGetStringTypeA_stat@@YAHPAUlocaleinfo_struct@@KPBDHPAGHHH@Z 10007a86 f   LIBCMT:a_str.obj
 0001:00006cd0       ?__crtLCMapStringA_stat@@YAHPAUlocaleinfo_struct@@KKPBDHPADHHH@Z 10007cd0 f   LIBCMT:a_map.obj
 0001:00007d7f       ?strtoxl@@YAKPAUlocaleinfo_struct@@PBDPAPBDHH@Z 10008d7f f   LIBCMT:strtol.obj
 0001:000083e8       _fastcopy_I                100093e8 f   LIBCMT:p4_memcpy.obj
